[    000000] Initializng cgroupsusy cpuset
[   0.0000] Initializing group subsys cpu
   0.000000] Iniializing cgroup susys cpuacc
    0.00000] inx ersion 4.4.0-146-generi (uidd@lc01-amd64-025) (gcc version 5.4.0 20160609 (Ubuntu 5.4.0-6ubuntu1~16.04.10) ) #172-Ubuntu SMP Wed Apr 3 09:00:08 UTC 2019 (Ubuntu 4.4.0-146.172-generic 4.4.177)
[    0.000000] Command line: BOOT_IMAGE=/boot/vmlinuz-4.4.0-146-generic root=LABEL=cloudimg-rootfs ro console=tty1cosoe=ttyS0
[    0.00000] KERNEL suppoted cpus:[    00000]  Intel GenuineIntl[    .000000]   AMD AuthenticAMD
[   .00000]  CCentaur CentaurHauls
   000000] x86/fpu: stateofset[2]: 576, xstate_sizes[2]:  256
[    0.00000]x86/fpu: Supporting XSAVE featur 0x01: 'x87 floating point registers'
[    0.000000] x86/fpu: Supporting XSAVE feature0x0: 'SS registers'
[    0.000000] x86/fpu:Supporting XSAVE feature 0x04: 'AVX registers'
[    0.000000] x86/fpu: Enabled xstate features 0x7, context size is 832 bytes, using 'standard' format.
[    0.000000] e820: BIOS-provided physical RAM map:
   0.00000] IOS-e80:[mm x00000000000000000x000000009fbff] usable
[    0.000000]BIS-e80: [mem 0x00000000000fc0-x00000000009ffff] resered
[   0.000000] BIOS-e820: me 0x000000000f0000-0x0000000000fffff rserved
[    0.0000]BIS-e820: [me 00000000000100000-0x000000003ffeffff] usable
[    0.000000] BIOS-e820: [mem 0x000000003fff0000-0x000000003fffffff] ACPI data
[    0.000000] BIOS-e820: [mem 0x00000000fec00000-0x00000000fec00fff] reserved
[    0.000000] BIOS-e820: [mem 0x00000000fee00000-0x00000000fee00fff] reserved
[    0.000000] BIOS-e820: [mem 0x00000000fffc0000-0x00000000ffffffff] reserved
[    0.000000] NX (Execute Disable) protection: active
[    0.000000] SMBIOS 2.5 present.
[    0.000000] Hypervisor detected: KVM
[    0.000000] e820: last_pfn = 0x3fff0 max_arch_pfn = 0x400000000
[   .0000] MTRR: Disabled[    0.00000] x86/PAT: MRRs disabled, skipping PT niiaization too.
[    0.0000]CPU MTRR al lank- vituliedsystem.
[    0.000000 x6/AT Confiurtion [-7]: WB  WT UC- UC  WB  WT UC U  
[    0.000000] found SP MP-table at [mem 0x0009fff0-0x0009ffff] mapped at [ffff88000009fff0]
[    0.00000]cannin 1 areas for low memory corruption
[    0.000000] RAMDISK: [mem 0x362fa000-0x37174fff]
[    0.000000] ACPI: Early table checksum verification disabled
[    0.000000] ACPI: RSDP 0x00000000000E0000 000024 (v02 VBOX  )
[    .00000] ACI:XSDT 0000000FFF0030 00003C v0 VOX  VBOXXSDT 000000 AL 00000061)
[    0.000000] ACPI: FACP x0000003FF00F0 0000F4(v04VBX  VBOXAC 000001 ASL  0000006)
[   0.000000] ACPI:DST 0x000000003FFF070 0021FF (v02 VBOX  BOBIOS 0000000 ITL 20100528
    0.000000 API FCS 0x0000003FF200 000040
[   .0000] ACPI: FACS 0x000000003FFF0200 000040
    0.000000] API APIC 0x00000003FFF040 0005C (v02 VBOX  VBOAPIC 000001 ASL  000006)
[    0.000000] ACI: SDT 000000003FFF02A0 0001C (01VBOX   VBOXCPUT 0000002INL 0100528)[    0.00000] No NMA configuration found
[    0.000000] Fang a node at [mem 0x000000000000000-0x000000003ffefff]
[    0.000000] NODE_DATA(0) allocated [mem 0x3ffeb000-0x3ffeffff]
[    0.000000] kvm-clock: Using msrs 4b564d01 and 4b564d00
[    0.000000] km-lock: cpu 0, msr0:ffe3001, primary cpu clock
[    0.000000] kvm-lock: usin sched ofset o 3490217 cycles
[    0.000000] clockource: vmclock: mask: 0xfffffffffffffff maxcycles: 0xcd2e4dffb, max_idl_ns: 88159051483 ns
[    0.0000]Zoe ranges:
[    0.00000]   MA    [mem 0x00000000000100-0x00000000fffff
[   0.0000]  DMA32  [mem 0x0000000001000000-0x000000003ffffff]
[    0.000000]   Normal  ept
[    0.0000]  Dvice   empty
[    0.0000]Movable zone startfor each node
[    0.000000] Earlymeor node ranges
[    000000]   nde   0: [mem 0x0000000000001000-0x0000000009efff
    0.000000]   nod   0: [me 0000000000000000-0x000000003ffeffff]
[   0.000000] Initmem setup node 0 [mem 0x0000000000001000-0x000000003ffeffff]
[    0.000000] ACPI: PM-Time I Port: 0x4008
[   0.000000] IOAPIC[0]: apic_id 2, version 32, address 0xec00000, GSI 0-23
[    0.000000] ACPI: INT_SRC_OVR (bus 0 bus_irq 0 global_irq 2 dfl dfl)
[    0.000000] ACI: INT_SRC_OVR (bus 0 us_irq 9 global_irq 9 low level)
[    0.000000] Using ACPI (MADT) for SMP configuration nformation
[    0.000000] smpboot: Allowing 2 CPUs, 0 hotplug CPUs
[    0.000000] PM: Registered nosave memory: [mem 0x00000000-0x00000fff]
[    0.000000] PM: Registered nosave memory: [mem 0x0009f000-0x0009ffff]
[    0.000000] PM: Registered nosave memory: [mem 0x000a0000-0x000effff]
[   0.000000] PM: Registerd noave meor: mem 0x00f0000-0x000fffff
[   0.00000] e82: [mem 0x40000000-0febffff] avilable for PCI evce
[    0.000000] Bootin pravirtualized kenel on KVM
[    0.000000] clocksource: refined-jiffies: mask: 0xffffffff max_cycles: 0xffffffff, max_idle_ns: 7645519600211568 ns
[    0.000000] setup_percpu: NR_CPUS:512 nr_cpumask_bits:512 nr_cpu_ids:2 nr_node_ids:1
[    0.000000] PERCPU: Embedded 34 pages/cpu @ffff88003fc00000 s99480 r8192 d31592 u1048576
[    0.000000] Built 1 zonelists in Node order, mobility grouping on.  Total pages: 257912
[    0.000000] Policy zone: DMA32
[    0.000000] Kernel command line: BOOT_IMAGE=/boot/vmlinuz-4.4.0-146-generic root=LABEL=cloudimg-rootfs ro console=tty1 console=ttyS0
[    0.000000] PID hash table entries: 4096 (order: 3, 32768 bytes)
[    0.000000] Memory: 997732K/1048120K available (8609K kernel code, 1334K rwdata, 4028K rodata, 1484K init, 1284K bss, 50388K reserved, 0K cma-reserved)
[    0.000000] SLUB: HWalign=64, Order=0-3, MinObjects=0, CPUs=2, Nodes=1
[   0.0000 Kernel/User pagetabls solation enabled
[   .0000] HierarchicalRCU mpleentation.[   0.00000] 	Build-time adjustment of leaf fanout to 64.
[    0.000000] 	RCU restricting CPUs from NR_CPUS=512 to nr_cpu_ids=2.
[    0.000000] RCU: Adjusting geometry for rcu_fanout_leaf=64, nr_cpu_ids=2
[    0.000000] NR_IRQS:3304 nr_iqs44 16
[   0.000000 Cnsle: colour VGA+ 80x25
[   .0000] console [tty1]enbld
[    0.000000 conol [tyS0] naled
[    0.000000] tsc: Detected 2494.226 MHz processor
[    5.257129] Calibrating delay loop (skipped) preset value.. 4988.45 BogoMIPS (lpj=9976904)
[    5.326718] pid_max: default: 32768 minimum: 301
[    5.354957] ACPI: Core revision 20150930
[    5.372095] ACPI: 2 ACPI AML tables successfully acquired and loaded
[    5.383263] Security Framework initialized
[    5.384482] Yama: becoming mindful.
[    5.385642] AppArmor: AppArmor initialized
[    5.387269] Dentry cache hash table entries: 131072 (order: 8, 1048576 bytes)
[    5.398974] Inode-cache hash table entries: 65536 (order: 7, 524288 bytes)
[    5.403556] Mount-cache hash table entries: 2048 (order: 2, 16384 bytes)
[    5.405600] Mountpoint-cache hash table entries: 2048 (order: 2, 16384 bytes)
[    5.411673] Initializing cgroup subsys io
[    5.412975] Initializing cgroup subsys memory
[    5.414390] Initializing cgroup subsys devices
[    5.419614] Initializing cgroup subsys freezer
[    5.426801] Initializing cgroup subsys net_cls
[    5.430714] Initializing cgroup subsys perf_event
[    5.432321] Initializing cgroup subsys net_prio
[    5.435140] Initializing cgroup subsys hugetlb
[    5.443803] Initializing cgroup subsys pids
[    5.463949] mce: CPU supports 0 MCE banks
[    5.487030] Last level iTLB entries: 4KB 1024, 2MB 1024, 4MB 1024
[    5.511587] Last level dTLB entries: 4KB 1024, 2MB 1024, 4MB 1024, 1GB 4
[    5.516455] Spectre V2 : Mitigation: Full generic retpoline
[    5.519899] Spectre V2 : Spectre v2 / SpectreRSB mitigation: Filling RSB on context switch
[    5.521902] Speculative Store Bypass: Vulnerable
[    5.533591] Freeing SMP alternatives memory: 36K
[    5.562009] ftrace: allocating 32287 entries in 127 pages
[    5.650025] smpboot: APIC(0) Converting physical 0 to logical package 0
[    5.686782] smpboot: Max logical packages: 1
[    5.723692] x2apic enabled
[    5.737277] Switched APIC routing to physical x2apic.
[    5.757463] ..TIMER: vector=0x30 apic1=0 pin1=2 apic2=-1 pin2=-1
[    5.891176] smpboot: CPU0: Intel(R) Core(TM) i7-4870HQ CPU @ 2.50GHz (family: 0x6, model: 0x46, stepping: 0x1)
[    5.952380] Performance Events: unsupported p6 CPU model 70 no PMU driver, software events only.
[    6.029706] KVM setup paravirtual spinlock
[    6.047747] x86: Booting SMP configuration:
[    6.050167] .... node  #0, CPUs:      #1
[    6.072741] kvm-clock: cpu 1, msr 0:3ffe3041, secondary cpu clock
[    6.087935] mce: CPU supports 0 MCE banks
[    6.110199] x86: Booted up 1 node, 2 CPUs
[    6.137193] smpboot: Total of 2 processors activated (9976.90 BogoMIPS)
[    6.165868] devtmpfs: initialized
[    6.187095] evm: security.selinux
[    6.200369] evm: security.SMACK64
[    6.206460] evm: security.SMACK64EXEC
[    6.221743] evm: security.SMACK64TRANSMUTE
[    6.245928] evm: security.SMACK64MMAP
[    6.266226] evm: security.ima
[    6.277863] evm: security.capability
[    6.292204] clocksource: jiffies: mask: 0xffffffff max_cycles: 0xffffffff, max_idle_ns: 7645041785100000 ns
[    6.328678] futex hash table entries: 512 (order: 3, 32768 bytes)
[    6.373658] pinctrl core: initialized pinctrl subsystem
[    6.398013] RTC time: 12:22:55, date: 06/12/19
[    6.413842] NET: Registered protocol family 16
[    6.442161] cpuidle: using governor ladder
[    6.454230] cpuidle: using governor menu
[    6.460932] PCCT header not found.
[    6.472500] ACPI: bus type PCI registered
[    6.489219] acpiphp: ACPI Hot Plug PCI Controller Driver version: 0.5
[    6.497412] PCI: Using configuration type 1 for base access
[    6.515090] ACPI: Added _OSI(Module Device)
[    6.516503] ACPI: Added _OSI(Processor Device)
[    6.518961] ACPI: Added _OSI(3.0 _SCP Extensions)
[    6.521510] ACPI: Added _OSI(Processor Aggregator Device)
[    6.525073] ACPI: Executed 1 blocks of module-level executable AML code
[    6.531409] ACPI: Interpreter enabled
[    6.532747] ACPI: (supports S0 S5)
[    6.538434] ACPI: Using IOAPIC for interrupt routing
[    6.540492] PCI: Using host bridge windows from ACPI; if necessary, use "pci=nocrs" and report a bug
[    6.559130] ACPI: PCI Root Bridge [PCI0] (domain 0000 [bus 00-ff])
[    6.561221] acpi PNP0A03:00: _OSC: OS supports [ASPM ClockPM Segments MSI]
[    6.563258] acpi PNP0A03:00: _OSC: not requesting OS control; OS requires [ExtendedConfig ASPM ClockPM MSI]
[    6.565964] acpi PNP0A03:00: fail to add MMCONFIG information, can't access extended PCI configuration space under this bridge.
[    6.570771] PCI host bridge to bus 0000:00
[    6.572629] pci_bus 0000:00: root bus resource [io  0x0000-0x0cf7 window]
[    6.578536] pci_bus 0000:00: root bus resource [io  0x0d00-0xffff window]
[    6.587873] pci_bus 0000:00: root bus resource [mem 0x000a0000-0x000bffff window]
[    6.615281] pci_bus 0000:00: root bus resource [mem 0x40000000-0xfdffffff window]
[    6.629935] pci_bus 0000:00: root bus resource [bus 00-ff]
[    6.644599] pci 0000:00:01.1: legacy IDE quirk: reg 0x10: [io  0x01f0-0x01f7]
[    6.654263] pci 0000:00:01.1: legacy IDE quirk: reg 0x14: [io  0x03f6]
[    6.655816] pci 0000:00:01.1: legacy IDE quirk: reg 0x18: [io  0x0170-0x0177]
[    6.657484] pci 0000:00:01.1: legacy IDE quirk: reg 0x1c: [io  0x0376]
[    6.673951] pci 0000:00:07.0: quirk: [io  0x4000-0x403f] claimed by PIIX4 ACPI
[    6.691672] pci 0000:00:07.0: quirk: [io  0x4100-0x410f] claimed by PIIX4 SMB
[    6.740277] ACPI: PCI Interrupt Link [LNKA] (IRQs 5 9 10 *11)
[    6.759759] ACPI: PCI Interrupt Link [LNKB] (IRQs 5 9 *10 11)
[    6.776330] ACPI: PCI Interrupt Link [LNKC] (IRQs 5 *9 10 11)
[    6.802160] ACPI: PCI Interrupt Link [LNKD] (IRQs 5 9 10 *11)
[    6.824771] ACPI: Enabled 2 GPEs in block 00 to 07
[    6.837476] vgaarb: setting as boot device: PCI:0000:00:02.0
[    6.862398] vgaarb: device added: PCI:0000:00:02.0,decodes=io+mem,owns=io+mem,locks=none
[    6.898678] vgaarb: loaded
[    6.912604] vgaarb: bridge control possible 0000:00:02.0
[    6.928291] SCSI subsystem initialized
[    6.936273] ACPI: bus type USB registered
[    6.948674] usbcore: registered new interface driver usbfs
[    6.970897] usbcore: registered new interface driver hub
[    6.987030] usbcore: registered new device driver usb
[    7.007296] PCI: Using ACPI for IRQ routing
[    7.025898] NetLabel: Initializing
[    7.036867] NetLabel:  domain hash size = 128
[    7.039592] NetLabel:  protocols = UNLABELED CIPSOv4
[    7.042303] NetLabel:  unlabeled traffic allowed by default
[    7.046019] amd_nb: Cannot enumerate AMD northbridges
[    7.059431] clocksource: Switched to clocksource kvm-clock
[   .1716] ApArmor: ApArmo Fleystem Ebld
[   7.3957] np PP CP iit
[   7.602065] pnp: PnP ACPI: found 3 devices

[    7.62007] clocksouce: acpi_pm: mask: 0xffffff max_ccls: 0ffffff, max_idle_ns 20857002 ns
[   7.8213] NE: egiseredprtocol amily 2

[    8.050014] TCP established hash tbl enties:812 orde: , 65536 bytes)
[    8.242170] CPbid hash able ntries: 892(oder:5, 13107 btes)
[    849452] TP: Hash tables configured (established 8192 bind 8192)
[    8.562855] UDP hash table entries: 512 (order: 2, 16384 bytes)
[    8.564318] UDP-Lite hash table entries: 512 (order: 2, 16384 bytes)
[    8.565887] NET: Registered protocol family 1
[    8.567000] pci 0000:00:00.0: Limiting direct PCI/PCI transfers
[    8.568444] pci 0000:00:01.0: Activating ISA DMA hang workarounds
[    8.570070] Unpacking initramfs...

[    8.773740] Freeing initrd memory: 14828K
[    8.775369] platform rtc_cmos: registered platform RTC device (no PNP device found)
[    8.780768] Scanning for low memory corruption every 60 seconds
[    8.783036] audit: initializing netlink subsys (disabled)
[    8.784722] audit: type=2000 audit(1560342176.644:1): initialized
[    8.788639] Initialise system trusted keyring
[    8.799506] HugeTLB registered 2 MB page size, pre-allocated 0 pages
[    8.807819] zbud: loaded
[    8.810674] VFS: Disk quotas dquot_6.6.0
[    8.812137] VFS: Dquot-cache hash table entries: 512 (order 0, 4096 bytes)
[    8.819012] squashfs: version 4.0 (2009/01/31) Phillip Lougher
[    8.821385] fuse init (API version 7.23)
[    8.822974] Key type big_key registered
[    8.824441] Allocating IMA MOK and blacklist keyrings.
[    8.828248] Key type asymmetric registered
[    8.831415] Asymmetric key parser 'x509' registered
[    8.833190] Block layer SCSI generic (bsg) driver version 0.4 loaded (major 249)
[    8.840554] io scheduler noop registered
[    8.843896] io scheduler deadline registered (default)
[    8.859178] io scheduler cfq registered
[    8.877238] pci_hotplug: PCI Hot Plug PCI Core version: 0.5
[    8.884392] pciehp: PCI Express Hot Plug Controller Driver version: 0.4
[    8.888457] ACPI: AC Adapter [AC] (off-line)
[    8.891536] input: Power Button as /devices/LNXSYSTM:00/LNXPWRBN:00/input/input0
[    8.894177] ACPI: Power Button [PWRF]
[    8.895360] input: Sleep Button as /devices/LNXSYSTM:00/LNXSLPBN:00/input/input1
[    8.898100] ACPI: Sleep Button [SLPF]
[    8.900089] GHES: HEST is not enabled!
[    8.902751] ACPI: Battery Slot [BAT0] (battery present)
[    8.903718] Serial: 8250/16550 driver, 32 ports, IRQ sharing enabled
[    8.930325] 00:02: ttyS0 at I/O 0x3f8 (irq = 4, base_baud = 115200) is a 16550A
[    8.940741] Linux agpgart interface v0.103
[    8.944377] loop: module loaed

[    8.9482]sci os0:at_pii
[    9.20640] scsi host1 aa_pix
[   9.016] ata1: PATA ma UDMA/3 md0xf0ctl 0xf6 bmdma 0xd000 iq 14
[    9.58042] ata2: PATA max UDMA/33 cmd 0x170ctl 0x37 bdm 0xd08 iq 5

[    9.761308] libphy: Fixed MDIOBu: robd
[   9.772115] tsc: Refined TSC clocksource calibration: 2495.055 MHz
[    9.772118] clocksource: tsc: mask: 0xfffffffffffffff max_cycles: 0x23f6fa6c5bd, max_idle_ns: 44079527772ns
[   10.1661] tu: Universal TUN/TAP device driver, 1.6
[   10.08271]tun:(C) 199-004 Max Krsnyansky <maxk@quacomm.com

[   10.292110]PP gneicdrver vesion 2.42

[   0.481668] ecihc: USB .0 'Enhanced' Host Controller (EHCI) Driver
[   10.59689] hci-pci ECIPCI platformdriver
[   10.772713] ehci-platform: EHCI generic platform driver
[   10.800593] ohci_hcd: USB 1.1 'Open' Host Controller (OHCI) Driver
[   10.841286] ohci-pci: OHCI PCI platform driver
[   10.859964] ohci-platform: OHCI generic platform driver
[   10.897347] uhi_cd UB Universal ost Controller Interface driver
[   11.042956] i8042: PNP: PS/2 Controller [PNP0303:PS2K,PNP0f03:PS2] at 0x60,0x64 irq 1,12
[   11.069820] serio: i8042 KBD port at 0x60,0x64 irq 1
[   11.071246] serio: i8042 AUX port at 0x60,0x64 irq 12

[   11.072904] mousedev: PS/2 mouse device common for all mice
[   11.074676] input: AT Translated Set 2 keyboard as /devices/platform/i8042/serio0/input/input2
[   11.077707] rtc_cmos rtc_cmos: rtc core: registered rtc_cmos as rtc0
[   11.079893] rtc_cmos rtc_cmos: alarms up to one day, 114 bytes nvram
[   11.081987] i2c /dev entries driver
[   11.083213] device-mapper: uevent: version 1.0.3
[   11.085483] device-mapper: ioctl: 4.34.0-ioctl (2015-10-28) initialised: dm-devel@redhat.com
[   11.137473] ledtrig-cpu: registered to indicate activity on CPUs
[   11.167519] NET: Registered protocol family 10
[   11.197313] NET: Registered protocol family 17
[   11.236565] Key type dns_resolver registered
[   11.281389] registered taskstats version 1
[   11.299528] Loading compiled-in X.509 certificates
[   11.326621] Loaded X.509 cert 'Build time autogenerated kernel key: 4dcb2dc2c7cf43e0c20c44384f68683c20294489'
[   11.381664] zswap: loaded using pool lzo/zbud
[   11.398719] Key type trusted registered
[   11.429769] Key type encrypted registered
[   11.448405] AppArmor: AppArmor sha1 policy hashing enabled
[   11.479091] ima: No TPM chip found, activating TPM-bypass!
[   11.502065] ima: Allocated hash algorithm: sha1
[   11.527932] evm: HMAC attrs: 0x1
[   11.547086]   Magic number: 7:994:379
[   11.568107] rtc_cmos rtc_cmos: setting system clock to 2019-06-12 12:23:00 UTC (1560342180)
[   11.607613] BIOS EDD facility v0.16 2004-Jun-25, 0 devices found
[   11.609241] EDD information not available.
[   11.613631] Freeing unused kernel memory: 1484K
[   11.624039] Write protecting the kernel read-only data: 14336k
[   11.674820] Freeing unused kernel memory: 1620K
[   11.708698] Freeing unused kernel memory: 68K
Loading, please wait...
starting version[   11.770015] random: systemd-udevd: uninitialized urandom read (16 bytes read, 3 bits of entropy available)
 229
[   11.770544] random: udevadm: uninitialized urandom read (16 bytes read, 3 bits of entropy available)
[   11.770561] random: udevadm: uninitialized urandom read (16 bytes read, 3 bits of entropy available)
[   11.776672] random: udevadm: uninitialized urandom read (16 bytes read, 3 bits of entropy available)
[   11.776706] random: udevadm: uninitialized urandom read (16 bytes read, 3 bits of entropy available)
[   11.776811] random: udevadm: uninitialized urandom read (16 bytes read, 3 bits of entropy available)
[   11.776851] random: udevadm: uninitialized urandom read (16 bytes read, 3 bits of entropy available)
[   11.776888] random: udevadm: uninitialized urandom read (16 bytes read, 3 bits of entropy available)
[   11.776926] random: udevadm: uninitialized urandom read (16 bytes read, 3 bits of entropy available)
[   11.776964] random: udevadm: uninitialized urandom read (16 bytes read, 3 bits of entropy available)
[   12.110380] e1000: Intel(R) PRO/1000 Network Driver - version 7.3.21-k8-NAPI
[   12.120788] e1000: Copyright (c) 1999-2006 Intel Corporation.
[   12.129385] Fusion MPT base driver 3.04.20
[   12.137111] Copyright (c) 1999-2008 LSI Corporation
[   12.162024] AVX2 version of gcm_enc/dec engaged.
[   12.164242] AES CTR mode by8 optimization enabled
[   12.169115] Fusion MPT SPI Host driver 3.04.20
[   12.364091] input: ImExPS/2 Generic Explorer Mouse as /devices/platform/i8042/serio1/input/input4
[   12.556809] e1000 0000:00:03.0 eth0: (PCI:33MHz:32-bit) 02:3a:f4:24:e2:72
[   12.596206] e1000 0000:00:03.0 eth0: Intel(R) PRO/1000 Network Connection
[   13.019378] e1000 0000:00:08.0 eth1: (PCI:33MHz:32-bit) 08:00:27:c3:30:3e
[   13.056510] e1000 0000:00:08.0 eth1: Intel(R) PRO/1000 Network Connection
[   13.090048] mptbase: ioc0: Initiating bringup
[   13.117582] e1000 0000:00:03.0 enp0s3: renamed from eth0
[   13.148078] e1000 0000:00:08.0 enp0s8: renamed from eth1
[   13.236148] ioc0: LSI53C1030 A0: Capabilities={Initiator}
[   13.818377] scsi host2: ioc0: LSI53C1030 A0, FwRev=00000000h, Ports=1, MaxQ=256, IRQ=20
[   14.716772] scsi 2:0:0:0: Direct-Access     VBOX     HARDDISK         1.0  PQ: 0 ANSI: 5
[   14.767473] scsi target2:0:0: Beginning Domain Validation
[   14.790580] scsi target2:0:0: Domain Validation skipping write tests
[   14.792176] scsi target2:0:0: Ending Domain Validation
[   14.826925] scsi target2:0:0: asynchronous
[   14.857791] scsi 2:0:1:0: Direct-Access     VBOX     HARDDISK         1.0  PQ: 0 ANSI: 5
[   14.965027] scsi target2:0:1: Beginning Domain Validation
[   14.990547] scsi target2:0:1: Domain Validation skipping write tests
[   15.006710] scsi target2:0:1: Ending Domain Validation
[   15.075527] scsi target2:0:1: asynchronous
[   15.116819] sd 2:0:0:0: [sda] 20971520 512-byte logical blocks: (10.7 GB/10.0 GiB)
[   15.121738] sd 2:0:0:0: Attached scsi generic sg0 type 0
[   15.123256] sd 2:0:0:0: [sda] Write Protect is off
[   15.128362] sd 2:0:1:0: [sdb] 20480 512-byte logical blocks: (10.5 MB/10.0 MiB)
[   15.128630] sd 2:0:1:0: [sdb] Write Protect is off
[   15.128898] sd 2:0:1:0: [sdb] Incomplete mode parameter data
[   15.128899] sd 2:0:1:0: [sdb] Assuming drive cache: write through
[   15.207987] sd 2:0:1:0: Attached scsi generic sg1 type 0
[   15.210636] sd 2:0:1:0: [sdb] Attached SCSI disk
[   15.267841] sd 2:0:0:0: [sda] Incomplete mode parameter data
[   15.540861] sd 2:0:0:0: [sda] Assuming drive cache: write through
[   15.568133]  sda: sda1
[   15.577246] sd 2:0:0:0: [sda] Attached SCSI disk
Begin: Loading e[   16.878779] md: linear personality registered for level -1
ssential drivers[   16.900308] md: multipath personality registered for level -4
 ... [   16.947242] md: raid0 personality registered for level 0
[   16.988058] md: raid1 personality registered for level 1
[   17.075495] raid6: sse2x1   gen() 10455 MB/s
[   17.159873] raid6: sse2x1   xor()  8198 MB/s
[   17.265938] raid6: sse2x2   gen() 13906 MB/s
[   17.379621] raid6: sse2x2   xor()  8774 MB/s
[   17.468082] raid6: sse2x4   gen() 15214 MB/s
[   17.576265] raid6: sse2x4   xor() 11347 MB/s
[   17.671672] raid6: avx2x1   gen() 20114 MB/s
[   17.772043] raid6: avx2x2   gen() 23622 MB/s
[   17.855590] raid6: avx2x4   gen() 25495 MB/s
[   17.859373] raid6: using algorithm avx2x4 gen() 25495 MB/s
[   17.861281] raid6: using avx2x2 recovery algorithm
[   17.866302] xor: automatically using best checksumming function:
[   17.911599]    avx       : 26673.000 MB/sec
[   17.925803] async_tx: api initialized (async)
[   17.956694] md: raid6 personality registered for level 6
[   17.988591] md: raid5 personality registered for level 5
[   18.026718] md: raid4 personality registered for level 4
[   18.074547] md: raid10 personality registered for level 10
done.
Begin: Running /scripts/init-premount ... done.
Begin: Mounting root file system ... Begin: R[   18.137150] Btrfs loaded
unning /scripts/local-top ... done.
Begin: Running /scripts/local-premount ... Scanning for Btrfs filesystems
done.
Warning: fsck not present, so skipping root file system
[   18.195828] EXT4-fs (sda1): mounted filesystem with ordered data mode. Opts: (null)
done.
Begin: Running /scripts/local-bottom ... done.
Begin: Running /scripts/init-bottom ... done.
[   18.294611] systemd[1]: systemd 229 running in system mode. (+PAM +AUDIT +SELINUX +IMA +APPARMOR +SMACK +SYSVINIT +UTMP +LIBCRYPTSETUP +GCRYPT +GNUTLS +ACL +XZ -LZ4 +SECCOMP +BLKID +ELFUTILS +KMOD -IDN)
[   18.337317] systemd[1]: Detected virtualization oracle.
[   18.356068] systemd[1]: Detected architecture x86-64.

Welcome to [1mUbuntu 16.04.6 LTS[0m!

[   18.48547 systmd1] St ostnmeto<uuntu>.

[   18.683988] systemd[1]: Initializing machine ID from random generator.
[   18.688630 systemd[1: Installe traniet /etc/mahie-d file
[   19.355110] systemd[1]: Reached target User and Group Name Lookups.
[[0;32m  OK  [0m] Reached target User and Group Name Lookups.
[   19.358928] systemd[1]: Reached target Encrypted Volumes.
[[0;32m  OK  [0m] Reached target Encrypted Volumes.
[   19.362294] systemd[1]: Reached target Swap.
[[0;32m  OK  [0m] Reached target Swap.
[   19.365238] systemd[1]: Started Forward Password Requests to Wall Directory Watch.
[[0;32m  OK  [0m] Started Forward Password Requests to Wall Directory Watch.
[  1.76814] ysemd[1]: Listenin on Jouna Socet.
[[0;32m  OK  [0m] Listening on Journal Socket.
[   20.229610] systemd[1]: Listening on ounal Audit Socket.
[[0;32m  OK  [0m] Listening on Journal Audit Socket.
[  20.33206]sytemd1] Lstenng on /evintcl ompatiilit Nme Ppe.
[[0;32m  OK  [0m] Listening on /dev/initctl Compatibility Named Pipe.
[   20.82482]systmd1] Rached tage SystemTime Syncroized
[[0;32m  OK  [0m] Reached target System Time Synchronized.
[   1.252210] systemd[1]: Created slice User and Session Slice.

[[0;32m  OK  [0m] Created slice User and Session Slice.
[   21.287072] systemd[1]: Listening on LVM2 metadata daemon socket.
[[0;32m  OK  [0m] Listening on LVM2 metadata daemon socket.
[   21.296366] systemd[1]: Listening on Journal Socket (/dev/log).
[[0;32m  OK  [0m] Listening on Journal Socket (/dev/log).
[   21.300672] systemd[1]: Listening on LVM2 poll daemon socket.
[[0;32m  OK  [0m] Listening on LVM2 poll daemon socket.
[   21.305308] systemd[1]: Listeningonudev Control ocet
[[0;32m  OK  [0m] Listening on udev Control Socket.
[   1.0701] sysemd[]:Liteing n Sylog Socke. [[0;32m  OK  [0m] Listening on Syslog Socket.
[   22.250231] systemd[1]: Strtd rigger resolvconf update for networkd DNS.

[[0;32m  OK  [0m] Started Trigger resolvconf update for networkd DNS.
[   22.373664] systemd[1]: Created slie System Slice.
[[0;32m  OK  [0m] Created slice System Slice.

[   22.411692] systemd[1]: Mounting Huge Pages File System...
         Mounting Huge Pages File System...
[   22.417476] systemd[1]: Mounting POSIX Message Queue File System...
         Mounting POSIX Message Queue File System...
[   22.447785] systemd[1]: Starting Set console keymap...
         Starting Set console keymap...
[   22.495020] systemd[1]: Starting Create list of required static device nodes for the current kernel...
         Starting Create list of required st... nodes for the current kernel...
[   22.556114] systemd[1]: Starting Uncomplicated firewall...
         Starting Uncomplicated firewall...
[   22.603947] systemd[1]: Starting Journal Service...
         Starting Journal Service...
[   22.634579] systemd[1]: Reached target Slices.
[   22.640235] random: nonblocking pool is initialized
[[0;32m  OK  [0m] Reached target Slices.
[   22.699756] systemd[1]: Starting Nameserver information manager...
         Starting Nameserver information manager...
[   22.760981] systemd[1]: Starting Load Kernel Modules...
         Starting Load Kernel Modules...
[   22.782547] systemd[1]: Created slice system-serial\x2dgetty.slice.
[[0;32m  OK  [0m] Created slice system-serial\x2dgetty.slice.
[   22.786385] Loading iSCSI transport class v2.0-870.
[   22.792876] iscsi: registered transport (tcp)
[   22.827716] systemd[1]: Starting Remount Root and Kernel File Systems...
         Starting Remount[   22.905712] EXT4-fs (sda1): re-mounted. Opts: (null)
 Root and Kernel File Systems...
[   22.956352] systemd[1]: Listening on Device-mapper event daemon FIFOs.
[[0;32m  OK  [0m] Listening on Device-mapper ev[   22.997123] iscsi: registered transport (iser)
ent daemon FIFOs.
[   23.059881] systemd[1]: Starting Monitoring of LVM2 mirrors, snapshots etc. using dmeventd or progress polling...
         Starting Monitoring of LVM2 mirrors... dmeventd or progress polling...
[   23.134686] systemd[1]: Mounting Debug File System...
         Mounting Debug File System...
[   23.1794] systmd[1]: Lisenng on udev Kernel Socket.

[[0;32m  OK  [0m] Listening on udev Kernel Socket.
[  23.1648] ystemd[1]: Set up automount Arbirary Executale Fle Formts File System Atomount Point.
[[0;32m  OK  [0m] Set up automount Arbitrary Executab...ats File System Automount Point.
[   24.107222] systemd[1]: Mounted POSIX Message Queue File System.
[[0;32m  OK  [0m] Mounted POSIX Message Queue File System.
[   24.124531] systemd[1]: Mounted Debug File System.
[[0;32m  OK  [0m] Mounted Debug File System.
[   24.133546] systemd[1]: Mounted Huge Pages File System.
[[0;32m  OK  [0m] Mounted Huge Pages File System.
[   24.144274] systemd[1]: Started Journal Service.
[[0;32m  OK  [0m] Started Journal Service.
[[0;32m  OK  [0m] Started Set console keymap.
[[0;32m  OK  [0m] Started Create list of required sta...ce nodes for the current kernel.
[[0;32m  OK  [0m] Started Uncomplicated firewall.
[[0;32m  OK  [0m] Started Load Kernel Modules.
[[0;32m  OK  [0m] Started Remount Root and Kernel File Systems.
[[0;32m  OK  [0m] Started Nameserver information manager.
[[0;32m  OK  [0m] Started LVM2 metadata daemon.
         Starting udev Coldplug all Devices...
         Starting Load/Save Random Seed...
         Mounting FUSE Control File System...
         Starting Apply Kernel Variables...
         Starting Create Static Device Nodes in /dev...
         Starting Flush Journal to Persistent Storage...
[[0;32m  OK  [0m] Mounted FUSE Control File System.
[[0;32m  OK  [0m] Started Load/Save Random Seed.
[[0;32m  OK  [0m] Started Apply Kernel Variables.
[[0;32m  OK  [0m] Started Create Static Device Nodes in /dev.
[[0;32m  OK  [0m] Started udev Coldplug all Devices.
         Starting udev Kernel Device Manager...
[[0;32m  OK  [0m] Started Flush Journal to Persistent Storage.
[[0;32m  OK  [0m] Started udev Kernel Device Manager.
[[0;32m  OK  [0m] Started Dispatch Password Requests to Console Directory Watch.
[[0;32m  OK  [0m] Started Monitoring of LVM2 mirrors,...ng dmeventd or progress polling.
[[0;32m  OK  [0m] Reached target Local File Systems (Pre).
[[0;32m  OK  [0m] Reached target Local File Systems.
         Starting LSB: AppArmor initialization...
         Starting Tell Plymouth To Write Out Runtime Data...
         Starting Initial cloud-init job (pre-networking)...
         Starting Set console font and keymap...
         Starting Create Volatile Files and Directories...
         Starting Commit a transient machine-id on disk...
[[0;32m  OK  [0m] Started Tell Plymouth To Write Out Runtime Data.
[[0;32m  OK  [0m] Started Create Volatile Files and Directories.
[[0;32m  OK  [0m] Started Commit a transient machine-id on disk.
[[0;32m  OK  [0m] Found device /dev/ttyS0.
         Starting Update UTMP about System Boot/Shutdown...
[[0;32m  OK  [0m] Listening on Load/Save RF Kill Switch Status /dev/rfkill Watch.
[[0;32m  OK  [0m] Started Update UTMP about System Boot/Shutdown.
[[0;32m  OK  [0m] Started LSB: AppArmor initialization.
[   19.204887] cloud-init[501]: Cloud-init v. 18.5-45-g3554ffe8-0ubuntu1~16.04.1 running 'init-local' at Wed, 12 Jun 2019 12:23:14 +0000. Up 18.92 seconds.
[[0;32m  OK  [0m] Started Initial cloud-init job (pre-networking).
[[0;32m  OK  [0m] Reached target Network (Pre).
         Starting Raise network interfaces...
[[0;32m  OK  [0m] Started Set console font and keymap.
[[0;32m  OK  [0m] Created slice system-getty.slice.
[[0;32m  OK  [0m] Started Raise network interfaces.
         Starting Initial cloud-init job (metadata service crawler)...
[[0;32m  OK  [0m] Reached target Network.
[   20.500695] cloud-init[955]: Cloud-init v. 18.5-45-g3554ffe8-0ubuntu1~16.04.1 running 'init' at Wed, 12 Jun 2019 12:23:15 +0000. Up 20.04 seconds.
[   20.524485] cloud-init[955]: ci-info: ++++++++++++++++++++++++++++++++++++++Net device info+++++++++++++++++++++++++++++++++++++++
[   20.540515] cloud-init[955]: ci-info: +--------+-------+----------------------------+---------------+--------+-------------------+
[   20.562356] cloud-init[955]: ci-info: | Device |   Up  |          Address           |      Mask     | Scope  |     Hw-Address    |
[   20.562876] cloud-init[955]: ci-info: +--------+-------+----------------------------+---------------+--------+-------------------+
[[0;32m  OK  [0m] Started Initial cloud-init job (metadata service crawler).
[   20.564200] cloud-init[955]: ci-info: | enp0s3 |  True |         10.0.2.15          | 255.255.255.0 | global | 02:3a:f4:24:e2:72 |
[   20.681451] cloud-init[955]: ci-info: | enp0s3 |  True | fe80::3a:f4ff:fe24:e272/64 |       .       |  link  | 02:3a:f4:24:e2:72 |
[[0;32m  OK  [0m] Reached target System Initialization.
[   20.682104] cloud-init[955]: ci-info: | enp0s8 | False |             .              |       .       |   .    | 08:00:27:c3:30:3e |
[   20.776665] cloud-init[955]: ci-info: |   lo   |  True |         127.0.0.1          |   255.0.0.0   |  host  |         .         |
[   20.777338] [cloud-init[0;32m  OK  [0m[955]: ] ci-info: |   lo   |  True |          ::1/128           |       .       |  host  |         .         |Listening on D-Bus System Message Bus Socket.

[   20.777903] cloud-init[955]: ci-info: +--------+-------+----------------------------+---------------+--------+-------------------+
[   20.878838] cloud-init[955]: ci-info: +++++++++++++++++++++++++++Route IPv4 info++++++++++++++++++++++++++++
[   20.879465] [cloud-init[0;32m  OK  [0m[955]: ] ci-info: +-------+-------------+----------+---------------+-----------+-------+Started ACPI Events Check.

[[   20.879869] cloud-init[955]: ci-info: | Route | Destination | Gateway  |    Genmask    | Interface | Flags |
[   20.889024] cloud-init[955]: ci-info: +-------+-------------+----------+---------------+-----------+-------+
[0;32m  OK  [0m] Reached target Paths.
[   20.891414] cloud-init[955]: ci-info: |   0   |   0.0.0.0   | 10.0.2.2 |    0.0.0.0    |   enp0s3  |   UG  |
[   20.897588] cloud-init[955]: ci-info: |   1   |   10.0.2.0  | 0.0.0.0  | 255.255.255.0 |   enp0s3  |   U   |
[   20.900823] cloud-init[955]: ci-info: +-------+-------------+----------+---------------+-----------+-------+
[   20.901422] cloud-init[955]: ci-info: +++++++++++++++++++Route IPv6 info+++++++++++++++++++
[[0;32m  OK  [0m] Listening on UUID daemon activation socket.
[[   20.903081] cloud-init[955]: ci-info: +-------+-------------+---------+-----------+-------+
[   20.914637] cloud-init[955]: ci-info: | Route | Destination | Gateway | Interface | Flags |
[   20.916469] cloud-init[955]: ci-info: +-------+-------------+---------+-----------+-------+
[0;32m  OK  [0m] Started Daily Cleanup of Temporary Directories.
[   20.916976] cloud-init[955]: ci-info: |   0   |  fe80::/64  |    ::   |   enp0s3  |   U   |
         [   20.969075] Starting LXD - unix socket.cloud-init
[955]: ci-info: |   3   |   ff00::/8  |    ::   |   enp0s3  |   U   |
[   20.974620] cloud-init[955]: ci-info: +-------+-------------+---------+-----------+-------+
[   20.975303] cloud-init[955]: Generating public/private rsa key pair.
[[0;32m  OK  [0m] Listening on ACPID Listen Socket.
[   20.976733] cloud-init[955]: Your identification has been saved in /etc/ssh/ssh_host_rsa_key.
[   20.991003] cloud-init[955]: Your public key has been saved in /etc/ssh/ssh_host_rsa_key.pub.
         Starting Socket activation for snappy daemon.
[[   20.991769] cloud-init[955]: The key fingerprint is:
[   21.005644] cloud-init[955]: SHA256:IhFjK7bruek2AOIK3t+bXE9kRHPswkWTHPsiK5HR978 root@ubuntu-xenial
[   21.007807] cloud-init[955]: The key's randomart image is:
[0;32m  OK  [0m] Started Daily apt download activities.
[   21.010083] cloud-init[955]: +---[RSA 2048]----+
[   21.014683] cloud-init[955]: |    +      o+=o  |
[[0;32m  OK  [0m] Started Daily apt upgrade and clean activities.
[   21.032418] cloud-init[955]: |   . +    o o=o  |
[   21.032920] cloud-init[955]: |  o o    ..ooo   |
[   21.034451] cloud-init[955]: |o. o .    +o..o  |
[   21.035366] cloud-init[955]: |+ . . . So +.. o |
[   21.036850] cloud-init[955]: |o. . . .  + o . .|
[   21.037805] cloud-init[955]: |+.o      o o    .|
[[0;32m  OK  [0m] Reached target Timers.
[[   21.039186] cloud-init[955]: |.oo+  o o +     .|
[   21.045777] cloud-init[955]: | o*o.. =.  .   E |
[   21.046871] cloud-init[955]: +----[SHA256]-----+
[   21.047509] cloud-init[955]: Generating public/private dsa key pair.
[   21.048620] cloud-init[955]: Your identification has been saved in /etc/ssh/ssh_host_dsa_key.
[   21.049785] cloud-init[955]: Your public key has been saved in /etc/ssh/ssh_host_dsa_key.pub.
[   21.051530] cloud-init[955]: The key fingerprint is:
[   21.053018] cloud-init[955]: SHA256:DccH4rkSnFZPQdsnjJAKHPt/hMQACh/FmC/Vt/QUrfE root@ubuntu-xenial
[   21.054498] cloud-init[955]: The key's randomart image is:
[0;32m  OK  [0m] Reached target Cloud-config availability.
[   21.055075] cloud-init[955]: +---[DSA 1024]----+
[   21.103663] cloud-init[955]: |. .*++. +o*+     |
[[0;32m  OK  [0m] Reached target Network is Online.
[   21.105816] cloud-init[955]: | ooo=o.*+Bo*.    |
[   21.120694] cloud-init[955]: |  oo..=+*+*+= .  |
[   21.125504] cloud-init[955]: |  . .o.o.*o.Eo   |
[   21.127528] cloud-init[955]: |   .  o S o      |
[   21.130784] cloud-init[955]: |       o .       |
[   21.131393] cloud-init[955]: |        . .      |
[   21.132281] cloud-init[955]: |         .       |
[   21.132320] cloud-init[955]: |                 |
[   21.132350] cloud-init[955]: +----[SHA256]-----+
[   21.132380] cloud-init[955]: Generating public/private ecdsa key pair.
[   21.132408] cloud-init[955]: Your identification has been saved in /etc/ssh/ssh_host_ecdsa_key.
[   21.132435] cloud-init[955]: Your public key has been saved in /etc/ssh/ssh_host_ecdsa_key.pub.
[   21.132464] cloud-init[955]: The key fingerprint is:
[   21.132492] cloud-init[955]: SHA256:F+xxdhK1XAo7NlnO3uul98RpYLUM02XBgt9ZiyICRZI root@ubuntu-xenial
[   21.132523] cloud-init[955]: The key's randomart image is:
[   21.132629] cloud-init[955]: +---[ECDSA 256]---+
[   21.132689] cloud-init[955]: |     .+o    +.+.=|
[   21.132742] cloud-init[955]: |     E.  . . @.*o|
[   21.132787] cloud-init[955]: |      .   + @o@o+|
[   21.132834] cloud-init[955]: |       . o B O==.|
         Starting iSCSI initiator daemon (iscsid)...
[   21.132883] cloud-init[955]: |        S + .o.o.|
[   21.269850] cloud-init[955]: |         .  . ..o|
[   21.272286] cloud-init[955]: |               ++|
[   21.272921] cloud-init[955]: |              ooo|
[   21.274181] cloud-init[955]: |              .oo|
[   21.276273] cloud-init[955]: +----[SHA256]-----+
[   21.276481] cloud-init[955]: Generating public/private ed25519 key pair.
[[0;32m  OK  [0m] Listening on LXD - unix socket.
[   21.276560] cloud-init[955]: Your identification has been saved in /etc/ssh/ssh_host_ed25519_key.
[[   21.294042] cloud-init[955]: Your public key has been saved in /etc/ssh/ssh_host_ed25519_key.pub.
[0;32m  OK  [0m[   21.296810] cloud-init[955]: The key fingerprint is:
] [   21.299112] cloud-init[955]: SHA256:IBrNsOrceYJv9ugvSx5r7ZMHCQqTg14OB/xH42a6hVA root@ubuntu-xenial
Listening on Socket activation for snappy daemon.[   21.302034] cloud-init[955]: The key's randomart image is:

[   21.305027] cloud-init[955]: +--[ED25519 256]--+
[   21.306914] cloud-init[955]: |. .              |
[   21.309358] cloud-init[955]: | o E o           |
[[0;32m  OK  [0m] Reached target Sockets.
[   21.325899] cloud-init[955]: |..* * o          |
[[0;32m  OK  [0m] Reached target Basic System.
[[   21.327100] cloud-init[955]: |*+ B * .         |
[0;32m  OK  [0m] Started ACPI event daemon.
[   21.343319] cloud-init[955]: |+oO B . S        |
[   21.366552] cloud-init[955]: |ooo+.+           |
[   21.367327] cloud-init[955]: | + *+.o          |
[   21.367803] cloud-init[955]: |  +**+ .         |
[   21.368813] cloud-init[955]: |  =B*+o          |
[   21.369689] cloud-init[955]: +----[SHA256]-----+
         Starting Login Service...
         Starting LSB: MD monitoring daemon...
[[0;32m  OK  [0m] Started FUSE filesystem for LXC.
[[0;32m  OK  [0m] Started Deferred execution scheduler.
[[0;32m  OK  [0m] Started D-Bus System Message Bus.
         Starting Snappy daemon...
         Starting LSB: Record successful boot for GRUB...
         Starting Pollinate to seed the pseudo random number generator...
[[0;32m  OK  [0m] Started Regular background program processing daemon.
[[0;32m  OK  [0m] Started Unattended Upgrades Shutdown.
         Starting System Logging Service...
         Starting /etc/rc.local Compatibility...
         Starting Accounts Service...
         Starting Virtualbox guest utils...
         Starting LXD - container startup/shutdown...
[[0;32m  OK  [0m] Started System Logging Service.
[[0;32m  OK  [0m] Started iSCSI initiator daemon (iscsid).
[[0;32m  OK  [0m] Started /etc/rc.local Compatibility.
[[0;32m  OK  [0m] Started LSB: MD monitoring daemon.
[[0;32m  OK  [0m] Started LXD - container startup/shutdown.
[[0;32m  OK  [0m] Started Login Service.
         Starting Authenticate and Authorize Users to Run Privileged Tasks...
         Starting Login to default iSCSI targets...
[[0;32m  OK  [0m] Started LSB: Record successful boot for GRUB.
[[0;32m  OK  [0m] Started Authenticate and Authorize Users to Run Privileged Tasks.
[[0;32m  OK  [0m] Started Accounts Service.
[[0;32m  OK  [0m] Started Login to default iSCSI targets.
[[0;32m  OK  [0m] Started Virtualbox guest utils.
[[0;32m  OK  [0m] Started Snappy daemon.
         Starting Wait until snapd is fully seeded...
[[0;32m  OK  [0m] Reached target Remote File Systems (Pre).
[[0;32m  OK  [0m] Reached target Remote File Systems.
         Starting Permit User Sessions...
         Starting LSB: daemon to balance interrupts for SMP systems...
         Starting LSB: automatic crash report generation...
         Starting LSB: Set the CPU Frequency Scaling governor to "ondemand"...
[[0;32m  OK  [0m] Started Permit User Sessions.
         Starting Terminate Plymouth Boot Screen...
         Starting Hold until boot process finishes up...
[[0;32m  OK  [0m] Started LSB: daemon to balance interrupts for SMP systems.
[[0;32m  OK  [0m] Started LSB: automatic crash report generation.
[[0;32m  OK  [0m] Started LSB: Set the CPU Frequency Scaling governor to "ondemand".
[[0;32m  OK  [0m] Started Terminate Plymouth Boot Screen.
[[0;32m  OK  [0m] Started Hold until boot process finishes up.
[[0;32m  OK  [0m] Started Getty on tty1.
[[0;32m  OK  [0m] Started Serial Getty on ttyS0.
[[0;32m  OK  [0m] Reached target Login Prompts.
         Starting Set console scheme...
[[0;32m  OK  [0m] Started Pollinate to seed the pseudo random number generator.
[[0;32m  OK  [0m] Started Set console scheme.
         Starting OpenBSD Secure Shell server...
[[0;32m  OK  [0m] Started OpenBSD Secure Shell server.
[[0;32m  OK  [0m] Created slice User Slice of vagrant.
         Starting User Manager for UID 1000...
[[0;32m  OK  [0m] Started User Manager for UID 1000.
[[0;32m  OK  [0m] Started Session 1 of user vagrant.
[[0;32m  OK  [0m] Started Wait until snapd is fully seeded.
         Starting Apply the settings specified in cloud-config...
[[0;32m  OK  [0m] Reached target Multi-User System.
[[0;32m  OK  [0m] Reached target Graphical Interface.
         Starting Update UTMP about System Runlevel Changes...
[[0;32m  OK  [0m] Started Update UTMP about System Runlevel Changes.
[   23.237929] cloud-init[1356]: Generating locales (this might take a while)...
         Stopping User Manager for UID 1000...
[[0;32m  OK  [0m] Stopped User Manager for UID 1000.
[[0;32m  OK  [0m] Removed slice User Slice of vagrant.
[   23.949301] cloud-init[1356]:   en_US.UTF-8... done
[   23.952717] cloud-init[1356]: Generation complete.
[[0;32m  OK  [0m] Created slice User Slice of vagrant.
[   24.231730] cloud-init[1356]: Cloud-init v. 18.5-45-g3554ffe8-0ubuntu1~16.04.1 running 'modules:config' at Wed, 12 Jun 2019 12:23:18 +0000. Up 23.15 seconds.
         Starting User Manager for UID 1000...
[[0;32m  OK  [0m] Started User Manager for UID 1000.
[[0;32m  OK  [0m] Started Apply the settings specified in cloud-config.
[[0;32m  OK  [0m] Started Session 2 of user vagrant.
         Starting Execute cloud user/final scripts...
ci-info: no authorized ssh keys fingerprints found for user ubuntu.
<14>Jun 12 12:23:20 ec2: 
<14>Jun 12 12:23:20 ec2: #############################################################
<14>Jun 12 12:23:20 ec2: -----BEGIN SSH HOST KEY FINGERPRINTS-----
<14>Jun 12 12:23:20 ec2: 1024 SHA256:DccH4rkSnFZPQdsnjJAKHPt/hMQACh/FmC/Vt/QUrfE root@ubuntu-xenial (DSA)
<14>Jun 12 12:23:20 ec2: 256 SHA256:F+xxdhK1XAo7NlnO3uul98RpYLUM02XBgt9ZiyICRZI root@ubuntu-xenial (ECDSA)
<14>Jun 12 12:23:20 ec2: 256 SHA256:IBrNsOrceYJv9ugvSx5r7ZMHCQqTg14OB/xH42a6hVA root@ubuntu-xenial (ED25519)
<14>Jun 12 12:23:20 ec2: 2048 SHA256:IhFjK7bruek2AOIK3t+bXE9kRHPswkWTHPsiK5HR978 root@ubuntu-xenial (RSA)
<14>Jun 12 12:23:20 ec2: -----END SSH HOST KEY FINGERPRINTS-----
<14>Jun 12 12:23:20 ec2: #############################################################
-----BEGIN SSH HOST KEY KEYS-----
ecdsa-sha2-nistp256 AAAAE2VjZHNhLXNoYTItbmlzdHAyNTYAAAAIbmlzdHAyNTYAAABBBAB77mUNhhfjMszwNW00hHHHAV26isS84KRJdlbP8sIqR00AmuQnfF4XCATYYqR6D/Djg9/OUElADbzraxv5ppU= root@ubuntu-xenial
ssh-ed25519 AAAAC3NzaC1lZDI1NTE5AAAAIFjtmUWtQRqvjHyasDwEQ+rqVjVrSHdc4qtauSt+BIll root@ubuntu-xenial
ssh-rsa AAAAB3NzaC1yc2EAAAADAQABAAABAQCmxLkwjNglXCjOS8u5cUBO0Oy9WJfkS3Skgd8rEZWkporscT6Dw2My/xTcPUUYt+C77M41YtRlju0je8kXuNsMXXgDmy+LE7w57TbaRF3mhNfRjZ2TUtxk3tDKOaiyiy5l/7cIkB/tjNwQsi0HWQshkzI1AJmXy2+29MZKm5Baoj1mlfcX1HHMXmAldM6KKWsCzA+gOVvxnn1imuLSqjqsUNTVyJ+PJBdgZQJxsrcsJk0zOIHtsR5OfVPDr9HkTM5BrHeUThtcbJD0YhktnBG4hM5VUrwAFPW2AJsAI8iS/DuR89rv0aMQ2vYYqQn4i8/QSHistZWuENXYn2veIznn root@ubuntu-xenial
-----END SSH HOST KEY KEYS-----
         Starting Hostname Service...
[   25.019571] cloud-init[1558]: Cloud-init v. 18.5-45-g3554ffe8-0ubuntu1~16.04.1 running 'modules:final' at Wed, 12 Jun 2019 12:23:20 +0000. Up 24.60 seconds.
[   25.065524] [cloud-init[0;32m  OK  [0m[1558]: ] ci-info: no authorized ssh keys fingerprints found for user ubuntu.Started Hostname Service.

[   25.066248] [cloud-init[0;32m  OK  [0m[1558]: ] Cloud-init v. 18.5-45-g3554ffe8-0ubuntu1~16.04.1 finished at Wed, 12 Jun 2019 12:23:20 +0000. Datasource DataSourceNoCloud [seed=/dev/sdb][dsmode=net].  Up 25.01 secondsStarted Execute cloud user/final scripts.

[[0;32m  OK  [0m] Reached target Cloud-init target.

Ubuntu 16.04.6 LTS ch-db01 ttyS0

ch-db01 login: 