[    0.000000] Initializingcgroup subsys puset[    0.00000] Initializing grup sbss cpu
[    0.000000] Initializing cgroup susy cpucct
[    0.00000 Lnu version .40-46generic (buildd@lcy01-amd64-025)(gc vesin 5.4.0 2016060 (buntu 5.40-6ubunt1~1604.10)) #172-UbutuSMP Wed Apr 3 09:00:08 UTC 219(Ubuntu 4.4.0-146.172-genri 4.4.177)[    0.0000]Comand lin: BOOT_IMAGE=/boot/vmlinz-4.4.0-146-gneic root=LABEL=cludimg-ootfs roconsole=ty conole=ttyS0
[    0.00000 KERNEL upported cus
[    0.00000]  Intel GenuineIte
   0.000000  AM AutenticAD[   00.000000]   Ceaur CentaurHaul
[    0.000000] x86/fpu: xstate_offset[2]  576, xstate_sizes[2]:  256
[   0.000000] x86/fpu: Supporin XSAVE feature 0x01: 'x87 floating point reisers'
[   .000000] x86/fu:Supporting XSAVE fature 0x02: 'SE reiser'
[   .00000 x86/fpu: Supporting SAE featue 0x04: AVX egstrs'
[    0.000000] x86/fpu: Eabedxstate featurs x7, cotet size is 32byes, sing 'standard' fomat.
[   0.00000] e820: BIO-provided hyicl RAM map:
[   .00000]BIOS-e820: [mem 0x000000000000000-0x0000000009fff] usbl
   0.00000 BIO-e20: [mem 0x000000000009f00-0x000000009ffff rseve
[    0.0000]BIOSe820: [mem 0x0000000000f00-0x00000000000fffff]reserved
[     0.000000] BIOS-e820: [mem 0x000000000100000-0x00000003ffeffff] usable
[    0.000000] BIOS-e820 [mem 0x000000003fff0000-0x00000003ffffff] ACPI daa
[   .000000] BIOS-e820: [mem 0x000000fec0000-000000000fec0ff] resrved
[    0.000000] IOS-e820:[mm x00000000ee0000-0x000000fee00fff] reserved
[    0.000000] BIOS-e820: [mem 0x0000000ffc000-00000000fffffff] reserve
    0.000000 NX Execute Dsable) protetion: active
[   .000000 SMBOS 2.5 presnt.[   0.000000] Hypervisor detected: KVM
[   0.0000 e820: lstpfn  0x3ff0 max_arch_pfn = 0x400000000
[    0.000000] MTRR: Disabled
[    0.000000] x86/PAT: MTRRs disbld,skiping PAT initialization oo
    0.0000] PU MRRs all blank  vrtualized system
[   0.000000] x86/PAT: Configuration [0-7]: WB  WT  UC- UC  WB  WT  UC- UC  
[    0.000000] found SMP MP-table at [mem 0x0009fff0-0x0009ffff] mapped at [ffff88000009fff0]
[    0.000000] Scanning 1 areas for low memory corruption
[    0.000000] RAMDISK: [mem 0x362fa000-0x37174fff]
[    0.000000] ACPI: Early table checksum verification isbled
[    0.00000 API RSDP 0x0000000000000 00024 (v02 VBOX  )
[   0.00000] ACPI: XSDT 0x000000003FFF0030 00003C (v01 VBOX   VBOXXSDT 000001 ASL  00000061)
[    0.000000] ACPI: FACP 0x000000003FFF00F0 0000F4 (v04 VBOX   VBOXFACP 00000001 ASL  00000061)
[    0.000000] ACPI: DSDT 0x000000003FFF0470 0021FF (v02 VBOX  VBOXBIOS 00000002 INTL 2010528)
[    0.00000] ACPI: FACS 0x000000003FFF0200 000040
[    0.000000] ACPI: FACS 0x000000003FFF0200 000040
[    0.000000] ACPI: APIC 0x000000003FFF0240 00005C (v02 VBOX   VBOXAPIC0000001 ASL 00000061)[    0.000000 API SSD 0x000000003FFF02A0 0001CC(v1 VBOX   BOCPUT 0000002 ITL20100528)
[    0.000000] NoNUMAconfiguaton found
[   0.0000] Faking anode at [mem 0x0000000000000-0x00000003fefff]
[   0.00000] NOD_DAT(0) llocated [mem 0x3ffeb0000x3fefff]
[   0.000000] kvm-clock: Using msrs 456d0 ad 4b564d0
    0.0000] kvm-clock: cpu 0, msr 0:3fe301, pimry cpu clock
[    0.000000] kvm-clok:usingsced offset of 3490125853 cyles
[    .0000] clocksourc: kvm-lock: mas: xffffffffffffff maxcyles: 0x1d42e4dffb,max_idle_s: 88159059143 ns
[    0.00000] Zon ranges:
[    0.000000]   DMA      [mem 0x0000000000001000-0x0000000000fffff]
[    0.000000]   DMA32    [em 0x0000000001000000-0x000000003ffefff]
[    0.0000]  Norml   empty
[    0.00000]   Dvie   empty
[   0.0000 Movable zone start foreah ode
[    0.000000] Early memory noe anes
[    0.000000]  nde  0:[mem x0000000001000-0x0000000009efff]
[   0.000000]   node   0: [mem 0x0000000010000-0000000003ffefff]
[    00000] Initmm setupnoe 0 mem 0x000000000000-0x000000003fefff][    .0000]ACPI: PM-TierIO Prt: x4008
[    0.00000] IOAPC[0]: apic_d 2, vrsio 3, ddress 0xec0000, SI0-23
[   0.0000] ACPI: IT_SRC_OVR (bus 0 bs_irq 0 global_ir 2 dfl dfl)[    0.000000] ACPI: INT_SRC_OVR (bus 0bu_irq 9 global_irq  low level)
[    0000000]Using ACI (MDT) for SMP configuration informatin
[    0.000000 smpboot Allwing 2 CPUs, 0 hotpug CUs
[    0.000000]PM Rgistered noav mmoy: [mem 0x000000-00000fff]
[    0.000000] PM: Registere nsae meory: [me 0x009f00-x0009ffff]
[    000000]PM: Registeed nosav memory [em0x000a000-x00efff]
[    0.000000] PM Rgiteed nosave emry: [mem 0x00f0000-0x000fffff]
[    0.0000 e820: [mem x40000000-0xfebfffff] availabe for PCI evices
[   .000000] Bootig paravirualized kernel onKVM
   0.00000] clocksource:reined-jiffes mask: 0xffffffff max_cycles: 0xffffffff, max_idle_ns: 7645519600211568 ns
[    .000000] setup_percpu: NR_CUS:512 nr_cpumask_bits:512 nr_cpu_ids:2 nr_node_ids:1
[    0.000000] PERCPU: Embedded 34 paes/cpu @ffff88003fc00000 s99480 r819 d31592 u1048576
[    0.000000] Built 1 zonelists in Node order, mobility grouping on.  Total pages: 257912
[    0.000000] Poicy zone: DMA32
[    0.000000]  Kernel command line: BOOT_IMAGE=/boot/vmlinuz-4.4.0-146-generic root=LABEL=cloudimg-rootfs ro console=tty1 console=ttyS0
[    0.00000]PID ash table entres: 09 (rder: 3,3268byte)
[    0.000000] Memry 9772K/1048120K avilabl (60K kernel code, 1334K rwdata, 402K odta, 484K init 128K ss 50388K reerved, 0K cma-reserved)
[    0.000000] SLUB: HWalign=64, Order=0-3, MinObjects=0, CPUs=2, Nodes=1
[    0.0000] ernel/User page tables isolation: enabled
[   .00000 Hierarchca RCU imleentation.
[   0.00000] 	Build-im adjustment of ea fnot to 64.
[   .0000] 	RCU restricting CPUsfrm NRCPS=512 to nr_cp_is=.
[   0.000000] RCU: Adjusting eometryfor cu_fanout_leaf=64, nr_cpu_ids=2[    0.000000] NR_IRQS:33024nrirqs:440 16
[   0.000000]Cosoe: colou VA+ 8025
[    0.000000] cosole [tty1] enabled
[    0.00000] onsole [ttyS0] enabled
[    0.000000] tsc: Detecte 2494.226 MHz processor
[    8.00859 Calibrting delay loop (skipped) preset value.. 4988.45 BogoMIPS (lpj=9976904)
[    8.076472] pid_max: default: 32768 minimum: 301
[    8.104512] ACPI: Core revision 20150930
[    8.140524] ACPI: 2 ACPI AML tables successfully acquired and loaded
[    8.175987] Security Framework initialized
[    8.192882] Yama: becoming mindful.
[    8.224924] AppArmor: AppArmor initialized
[    8.256054] Dentry cache hash table entries: 131072 (order: 8, 1048576 bytes)
[    8.297624] Inode-cache hash table entries: 65536 (order: 7, 524288 bytes)
[    8.316436] Mount-cache hash table entries: 2048 (order: 2, 16384 bytes)
[    8.368446] Mountpoint-cache hash table entries: 2048 (order: 2, 16384 bytes)
[    8.412567] Initializing cgroup subsys io
[    8.444781] Initializing cgroup subsys memory
[    8.480375] Initializing cgroup subsys devices
[    8.493207] Initializing cgroup subsys freezer
[    8.520297] Initializing cgroup subsys net_cls
[    8.539820] Initializing cgroup subsys perf_event
[    8.553096] Initializing cgroup subsys net_prio
[    8.579810] Initializing cgroup subsys hugetlb
[    8.599857] Initializing cgroup subsys pids
[    8.628735] mce: CPU supports 0 MCE banks
[    8.644428] Last level iTLB entries: 4KB 1024, 2MB 1024, 4MB 1024
[    8.692781] Last level dTLB entries: 4KB 1024, 2MB 1024, 4MB 1024, 1GB 4
[    8.731546] Spectre V2 : Mitigation: Full generic retpoline
[    8.755357] Spectre V2 : Spectre v2 / SpectreRSB mitigation: Filling RSB on context switch
[    8.828219] Speculative Store Bypass: Vulnerable
[    8.849963] Freeing SMP alternatives memory: 36K
[    8.880684] ftrace: allocating 32287 entries in 127 pages
[    8.960199] smpboot: APIC(0) Converting physical 0 to logical package 0
[    9.003773] smpboot: Max logical packages: 1
[    9.032811] x2apic enabled
[    9.044503] Switched APIC routing to physical x2apic.
[    9.076622] ..TIMER: vector=0x30 apic1=0 pin1=2 apic2=-1 pin2=-1
[    9.191341] smpboot: CPU0: Intel(R) Core(TM) i7-4870HQ CPU @ 2.50GHz (family: 0x6, model: 0x46, stepping: 0x1)
[    9.253409] Performance Events: unsupported p6 CPU model 70 no PMU driver, software events only.
[    9.322720] KVM setup paravirtual spinlock
[    9.344221] x86: Booting SMP configuration:
[    9.364097] .... node  #0, CPUs:      #1
[    9.392261] kvm-clock: cpu 1, msr 0:3ffe3041, secondary cpu clock
[    9.436605] mce: CPU supports 0 MCE banks
[    9.448024] x86: Booted up 1 node, 2 CPUs
[    9.477690] smpboot: Total of 2 processors activated (9976.90 BogoMIPS)
[    9.520771] devtmpfs: initialized
[    9.542731] evm: security.selinux
[    9.556517] evm: security.SMACK64
[    9.573677] evm: security.SMACK64EXEC
[    9.589437] evm: security.SMACK64TRANSMUTE
[    9.605251] evm: security.SMACK64MMAP
[    9.616073] evm: security.ima
[    9.633712] evm: security.capability
[    9.648861] clocksource: jiffies: mask: 0xffffffff max_cycles: 0xffffffff, max_idle_ns: 7645041785100000 ns
[    9.701617] futex hash table entries: 512 (order: 3, 32768 bytes)
[    9.723178] pinctrl core: initialized pinctrl subsystem
[    9.752446] RTC time: 12:42:13, date: 05/30/19
[    9.778122] NET: Registered protocol family 16
[    9.812606] cpuidle: using governor ladder
[    9.856621] cpuidle: using governor menu
[    9.872484] PCCT header not found.
[    9.892262] ACPI: bus type PCI registered
[    9.908302] acpiphp: ACPI Hot Plug PCI Controller Driver version: 0.5
[    9.948586] PCI: Using configuration type 1 for base access
[    9.989184] ACPI: Added _OSI(Module Device)
[   10.003781] ACPI: Added _OSI(Processor Device)
[   10.028414] ACPI: Added _OSI(3.0 _SCP Extensions)
[   10.048459] ACPI: Added _OSI(Processor Aggregator Device)
[   10.076933] ACPI: Executed 1 blocks of module-level executable AML code
[   10.110495] ACPI: Interpreter enabled
[   10.127713] ACPI: (supports S0 S5)
[   10.144068] ACPI: Using IOAPIC for interrupt routing
[   10.164849] PCI: Using host bridge windows from ACPI; if necessary, use "pci=nocrs" and report a bug
[   10.214051] ACPI: PCI Root Bridge [PCI0] (domain 0000 [bus 00-ff])
[   10.226493] acpi PNP0A03:00: _OSC: OS supports [ASPM ClockPM Segments MSI]
[   10.232420] acpi PNP0A03:00: _OSC: not requesting OS control; OS requires [ExtendedConfig ASPM ClockPM MSI]
[   10.253090] acpi PNP0A03:00: fail to add MMCONFIG information, can't access extended PCI configuration space under this bridge.
[   10.297395] PCI host bridge to bus 0000:00
[   10.300810] pci_bus 0000:00: root bus resource [io  0x0000-0x0cf7 window]
[   10.306944] pci_bus 0000:00: root bus resource [io  0x0d00-0xffff window]
[   10.310852] pci_bus 0000:00: root bus resource [mem 0x000a0000-0x000bffff window]
[   10.318275] pci_bus 0000:00: root bus resource [mem 0x40000000-0xfdffffff window]
[   10.321804] pci_bus 0000:00: root bus resource [bus 00-ff]
[   10.336535] pci 0000:00:01.1: legacy IDE quirk: reg 0x10: [io  0x01f0-0x01f7]
[   10.343675] pci 0000:00:01.1: legacy IDE quirk: reg 0x14: [io  0x03f6]
[   10.360192] pci 0000:00:01.1: legacy IDE quirk: reg 0x18: [io  0x0170-0x0177]
[   10.388989] pci 0000:00:01.1: legacy IDE quirk: reg 0x1c: [io  0x0376]
[   10.440118] pci 0000:00:07.0: quirk: [io  0x4000-0x403f] claimed by PIIX4 ACPI
[   10.477021] pci 0000:00:07.0: quirk: [io  0x4100-0x410f] claimed by PIIX4 SMB
[   10.536532] ACPI: PCI Interrupt Link [LNKA] (IRQs 5 9 10 *11)
[   10.569775] ACPI: PCI Interrupt Link [LNKB] (IRQs 5 9 *10 11)
[   10.609716] ACPI: PCI Interrupt Link [LNKC] (IRQs 5 *9 10 11)
[   10.637086] ACPI: PCI Interrupt Link [LNKD] (IRQs 5 9 10 *11)
[   10.664458] ACPI: Enabled 2 GPEs in block 00 to 07
[   10.698377] vgaarb: setting as boot device: PCI:0000:00:02.0
[   10.716898] vgaarb: device added: PCI:0000:00:02.0,decodes=io+mem,owns=io+mem,locks=none
[   10.768640] vgaarb: loaded
[   10.781063] vgaarb: bridge control possible 0000:00:02.0
[   10.808904] SCSI subsystem initialized
[   10.823420] ACPI: bus type USB registered
[   10.844448] usbcore: registered new interface driver usbfs
[   10.868891] usbcore: registered new interface driver hub
[   10.884589] usbcore: registered new device driver usb
[   10.913690] PCI: Using ACPI for IRQ routing
[   10.916751] NetLabel: Initializing
[   10.937630] NetLabel:  domain hash size = 128
[   10.952879] NetLabel:  protocols = UNLABELED CIPSOv4
[   10.974622] NetLabel:  unlabeled traffic allowed by default
[   10.996993] amd_nb: Cannot enumerate AMD northbridges
[   11.021099] clocksource: Switched to clocksource kvm-clock
[  11.6464 Apprmr:ApArmo FileystemEnbld[   11.378738] pnp: PnP ACPI init
[   11.403973] pnp: PnP ACPI: found 3 devices

[   11.419428] clocksource: acpi_pm: mask: 0xfffff max_ccles: 0xffffff, max_idle_ns: 2085701024 ns
[  11.467325] NET: Reisteedprtocol family 2

[   11.53659] CP establisedhah abe entries: 8192 (order: 4, 6536 byts)

[   11.828120] CP bin has tabe nties:8192 (orer: 5,1307 byts)
[  12.24658]TC: Hah tales onfiured(establshed 8192 bnd 819)
[   12.396596] UDP hsh table entries: 512 (order: 2, 16384 bytes)
[   12.420407] UD-Lite hsh tabl entries: 512 (order: 2, 16384 bytes
[   12.568751] NET: Registered protocol family 1
[   12.571629] pci 0000:0:00.0: Limiting direct PCI/PCI rasfers
[  12.65381 pci 0000001.0 Activating IA MA hang wrkrouns
[  12.924667 Unpckin iitamfs..

[   13.297982] Freeing initrd memory: 14828K
[   13.323633] platform rtc_cmos: registered platform RTC device (no PNP device found)
[   13.382147] Scanning for lo mmorycoruption every 60 secnd

[   13.548805] audit: initializing netlink subsys (disabled)
[   13.569995] audit: type=2000 audit(1559220131.768:1): initialized
[   13.606919] Initialise system trusted keyring
[   13.633313] HugeTLB registere 2 MB age size, pre-allocated 0 pages
[   13.69033] zbud: loaded
[   13.734043] VFS: Disk quotas dquot_6.6.0   1.72382] VF: Dqot-cache hshtabl etrie: 512 (rdr 0, 4096 yts)
  14.10090] squasfs verion 4.0 2009/01/3) hillip Loughr
[  1.33049 tsc: efinedTS clocksource alibaton 292.707 MHz

[   14.616326] clocksource: tsc: mask: 0xffffffffffffffffma_cyces 023ee03c2f,max_idl_ns: 440795243228 ns
[   14.61672] fuse init (API version 7.23)

[   14.616830] Key type big_key registered
[   14.616845] Allocating IMA MOK and blacklist keyrings.
[   14.617063] Key type asymmetric registered
[   14.617069] Asymmetric key parser 'x509' registered
[   14.617100] Block layer SCSI generic (bsg) driver version 0.4 loaded (major 249)
[   14.617182] io scheduler noop registered
[   14.617184] io scheduler deadline registered (default)
[   14.617214] io scheduler cfq registered
[   14.617304] pci_hotplug: PCI Hot Plug PCI Core version: 0.5
[   14.617318] pciehp: PCI Express Hot Plug Controller Driver version: 0.4
[   14.617683] ACPI: AC Adapter [AC] (on-line)
[   14.617739] input: Power Button as /devices/LNXSYSTM:00/LNXPWRBN:00/input/input0
[   14.617742] ACPI: Power Button [PWRF]
[   14.617858] input: Sleep Button as /devices/LNXSYSTM:00/LNXSLPBN:00/input/input1
[   14.617860] ACPI: Sleep Button [SLPF]
[   14.618025] GHES: HEST is not enabled!
[   14.619204] ACPI: Battery Slot [BAT0] (battery present)
[   14.619257] Serial: 8250/16550 driver, 32 ports, IRQ sharing enabled
[   14.871838] 00:02: ttyS0 at I/O 0x3f8 (irq = 4, base_baud = 115200) is a 16550A
[   14.898458] Linux agpgart interface v0.103
[   14.902988] loop: module loaded
[   14.903634] scsi host0: ata_piix
[   14.903685] scsi host1: ata_piix
[   14.903721] ata1: PATA max UDMA/33 cmd 0x1f0 ctl 0x3f6 bmdma 0xd000 irq 14
[   14.903722] ata2: PATA max UDMA/33 cmd 0x170 ctl 0x376 bmdma 0xd008 irq 15
[   14.903815] libphy: Fixed MDIO Bus: probed
[   14.903818] tun: Universal TUN/TAP device driver, 1.6
[   14.903818] tun: (C) 1999-2004 Max Krasnyansky <maxk@qualcomm.com>
[   14.904374] PPP generic driver version 2.4.2
[   14.904424] ehci_hcd: USB 2.0 'Enhanced' Host Controller (EHCI) Driver
[   14.904428] ehci-pci: EHCI PCI platform driver
[   14.904441] ehci-platform: EHCI generic platform driver
[   14.904447] ohci_hcd: USB 1.1 'Open' Host Controller (OHCI) Driver
[   14.904450] ohci-pci: OHCI PCI platform driver
[   14.904456] ohci-platform: OHCI generic platform driver
[   14.904462] uhci_hcd: USB Universal Host Controller Interface driver
[   14.904511] i8042: PNP: PS/2 Controller [PNP0303:PS2K,PNP0f03:PS2M] at 0x60,0x64 irq 1,12
[   14.906136] serio: i8042 KBD port at 0x60,0x64 irq 1
[   14.906139] serio: i8042 AUX port at 0x60,0x64 irq 12
[   14.906229] mousedev: PS/2 mouse device common for all mice
[   14.906531] rtc_cmos rtc_cmos: rtc core: registered rtc_cmos as rtc0
[   14.906577] rtc_cmos rtc_cmos: alarms up to one day, 114 bytes nvram
[   14.906583] i2c /dev entries driver
[   14.906628] device-mapper: uevent: version 1.0.3
[   14.906669] device-mapper: ioctl: 4.34.0-ioctl (2015-10-28) initialised: dm-devel@redhat.com
[   14.906687] ledtrig-cpu: registered to indicate activity on CPUs
[   14.906910] NET: Registered protocol family 10
[   14.907045] NET: Registered protocol family 17
[   14.907052] Key type dns_resolver registered
[   14.907243] registered taskstats version 1
[   14.907255] Loading compiled-in X.509 certificates
[   14.907777] Loaded X.509 cert 'Build time autogenerated kernel key: 4dcb2dc2c7cf43e0c20c44384f68683c20294489'
[   14.907792] zswap: loaded using pool lzo/zbud
[   14.909110] Key type trusted registered
[   14.911177] Key type encrypted registered
[   14.911182] AppArmor: AppArmor sha1 policy hashing enabled
[   14.911185] ima: No TPM chip found, activating TPM-bypass!
[   14.911188] ima: Allocated hash algorithm: sha1
[   14.911199] evm: HMAC attrs: 0x1
[   14.911531]   Magic number: 3:206:735
[   14.943572] rtc_cmos rtc_cmos: setting system clock to 2019-05-30 12:42:18 UTC (1559220138)
[   14.943719] BIOS EDD facility v0.16 2004-Jun-25, 0 devices found
[   14.943719] EDD information not available.
[   15.101831] input: AT Translated Set 2 keyboard as /devices/platform/i8042/serio0/input/input2
[   16.379183] Freeing unused kernel memory: 1484K
[   16.389464] Write protecting the kernel read-only data: 14336k
[   16.453636] Freeing unused kernel memory: 1620K
[   16.469316] Freeing unused kernel memory: 68K
Loading, please wait...
starting version[   16.547584] random: systemd-udevd: uninitialized urandom read (16 bytes read, 4 bits of entropy available)
 229
[   16.548148] random: udevadm: uninitialized urandom read (16 bytes read, 4 bits of entropy available)
[   16.548162] random: udevadm: uninitialized urandom read (16 bytes read, 4 bits of entropy available)
[   16.554499] random: udevadm: uninitialized urandom read (16 bytes read, 4 bits of entropy available)
[   16.554533] random: udevadm: uninitialized urandom read (16 bytes read, 4 bits of entropy available)
[   16.554638] random: udevadm: uninitialized urandom read (16 bytes read, 4 bits of entropy available)
[   16.554677] random: udevadm: uninitialized urandom read (16 bytes read, 4 bits of entropy available)
[   16.554716] random: udevadm: uninitialized urandom read (16 bytes read, 4 bits of entropy available)
[   16.554755] random: udevadm: uninitialized urandom read (16 bytes read, 4 bits of entropy available)
[   16.554791] random: udevadm: uninitialized urandom read (16 bytes read, 4 bits of entropy available)
[   17.071320] Fusion MPT base driver 3.04.20
[   17.083558] Copyright (c) 1999-2008 LSI Corporation
[   17.084618] e1000: Intel(R) PRO/1000 Network Driver - version 7.3.21-k8-NAPI
[   17.084618] e1000: Copyright (c) 1999-2006 Intel Corporation.
[   17.113384] Fusion MPT SPI Host driver 3.04.20
[   17.139826] AVX2 version of gcm_enc/dec engaged.
[   17.146569] AES CTR mode by8 optimization enabled
[   17.314331] input: ImExPS/2 Generic Explorer Mouse as /devices/platform/i8042/serio1/input/input4
[   17.521050] e1000 0000:00:03.0 eth0: (PCI:33MHz:32-bit) 02:3a:f4:24:e2:72
[   17.582869] e1000 0000:00:03.0 eth0: Intel(R) PRO/1000 Network Connection
[   17.634965] e1000 0000:00:03.0 enp0s3: renamed from eth0
[   17.674120] mptbase: ioc0: Initiating bringup
[   18.192669] ioc0: LSI53C1030 A0: Capabilities={Initiator}
[   19.463647] scsi host2: ioc0: LSI53C1030 A0, FwRev=00000000h, Ports=1, MaxQ=256, IRQ=20
[   20.363594] scsi 2:0:0:0: Direct-Access     VBOX     HARDDISK         1.0  PQ: 0 ANSI: 5
[   20.432731] scsi target2:0:0: Beginning Domain Validation
[   20.479478] scsi target2:0:0: Domain Validation skipping write tests
[   20.513999] scsi target2:0:0: Ending Domain Validation
[   20.524232] scsi target2:0:0: asynchronous
[   20.531715] scsi 2:0:1:0: Direct-Access     VBOX     HARDDISK         1.0  PQ: 0 ANSI: 5
[   20.538415] scsi target2:0:1: Beginning Domain Validation
[   20.546386] scsi target2:0:1: Domain Validation skipping write tests
[   20.556014] scsi target2:0:1: Ending Domain Validation
[   20.560320] scsi target2:0:1: asynchronous
[   20.576876] sd 2:0:0:0: [sda] 20971520 512-byte logical blocks: (10.7 GB/10.0 GiB)
[   20.590632] sd 2:0:0:0: Attached scsi generic sg0 type 0
[   20.598568] sd 2:0:1:0: [sdb] 20480 512-byte logical blocks: (10.5 MB/10.0 MiB)
[   20.598781] sd 2:0:0:0: [sda] Write Protect is off
[   20.598962] sd 2:0:0:0: [sda] Incomplete mode parameter data
[   20.598963] sd 2:0:0:0: [sda] Assuming drive cache: write through
[   20.600455]  sda: sda1
[   20.601291] sd 2:0:0:0: [sda] Attached SCSI disk
[   20.611436] sd 2:0:1:0: Attached scsi generic sg1 type 0
[   20.662715] sd 2:0:1:0: [sdb] Write Protect is off
[   20.689507] sd 2:0:1:0: [sdb] Incomplete mode parameter data
[   20.707697] sd 2:0:1:0: [sdb] Assuming drive cache: write through
[   20.746599] sd 2:0:1:0: [sdb] Attached SCSI disk
Begin: Loading e[   22.069464] md: linear personality registered for level -1
ssential drivers ... [   22.109320] md: multipath personality registered for level -4
[   22.141401] md: raid0 personality registered for level 0
[   22.173887] md: raid1 personality registered for level 1
[   22.277424] raid6: sse2x1   gen() 10423 MB/s
[   22.373477] raid6: sse2x1   xor()  8200 MB/s
[   22.469464] raid6: sse2x2   gen() 13362 MB/s
[   22.553111] raid6: sse2x2   xor()  8937 MB/s
[   22.645414] raid6: sse2x4   gen() 15349 MB/s
[   22.745430] raid6: sse2x4   xor() 10784 MB/s
[   22.837240] raid6: avx2x1   gen() 19043 MB/s
[   22.905245] raid6: avx2x2   gen() 22057 MB/s
[   22.973170] raid6: avx2x4   gen() 27059 MB/s
[   23.007204] raid6: using algorithm avx2x4 gen() 27059 MB/s
[   23.026180] raid6: using avx2x2 recovery algorithm
[   23.064815] xor: automatically using best checksumming function:
[   23.167023]    avx       : 36114.000 MB/sec
[   23.174429] async_tx: api initialized (async)
[   23.213350] md: raid6 personality registered for level 6
[   23.237303] md: raid5 personality registered for level 5
[   23.261796] md: raid4 personality registered for level 4
[   23.284502] md: raid10 personality registered for level 10
done.
Begin: Running /scripts/init-premount ... done.
Begin: Mounting root file system ... Begin: Running /scripts/local-top ... done.
Begin: Running /scripts/loc[   23.334477] Btrfs loaded
al-premount ... Scanning for Btrfs filesystems
done.
Warning: fsck not present, so skipping root file system
[   23.369715] EXT4-fs (sda1): mounted filesystem with ordered data mode. Opts: (null)
done.
Begin: Running /scripts/local-bottom ... done.
Begin: Running /scripts/init-bottom ... done.
[   23.459458] systemd[1]: systemd 229 running in system mode. (+PAM +AUDIT +SELINUX +IMA +APPARMOR +SMACK +SYSVINIT +UTMP +LIBCRYPTSETUP +GCRYPT +GNUTLS +ACL +XZ -LZ4 +SECCOMP +BLKID +ELFUTILS +KMOD -IDN)
[   23.481217] systemd[1]: Detected virtualization oracle.
[   23.505432] systemd[1]: Detected architecture x86-64.

Welcome to [1mUbuntu 16.04.6 LTS[0m!

[   23.551591] systemd[1]: Set hostname to <ubuntu>.
[   23.567795] systemd[1]: Initializing machine ID from random generator.
[   23.582548] systemd[1]: Installed transient /etc/machine-id file.
[   23.681544] systemd[1]: Listening on udev Control Socket.
[[0;32m  OK  [0m] Listening on udev Control Socket.
[   23.685363] systemd[1]: Created slice User and Session Slice.
[[0;32m  OK  [0m] Created slice User and Session Slice.
[   23.689075] systemd[1]: Listening on LVM2 metadata daemon socket.
[[0;32m  OK  [0m] Listening on LVM2 metadata daemon socket.
[   23.698388] systemd[1]: Set up automount Arbitrary Executable File Formats File System Automount Point.
[[0;32m  OK  [0m] Set up automount Arbitrary Executab...ats File System Automount Point.
[  2.7606]systemd[1]: Startd orwad Pasword Requests to Wall Directory Watch.

[[0;32m  OK  [0m] Started Forward Password Requests to Wall Directory Watch.
[   23.997657] systemd[1]: Listening on Journal Audit Socket.
[[0;32m  OK  [0m] Listening on Journal Audit Socket.
[   24.002055] systemd[1]: Reached target User and Group Name Lookups.
[[0;32m  OK  [0m] Reached target User and Group Name Lookups.
[   24.017715] systemd[1]: Listening on Syslog Socket.
[[0;32m  OK  [0m] Listening on Syslog Socket.
[   24.030706] systemd[1]: Created slice System Slice.
[[0;32m  OK  [0m] Created slice System Slice.
[   24.036482] systemd[1]: Listening on udev Kernel Socket.
[[0;32m  OK  [0m] Listening on udev Kernel Socket.
[   24.043686] systemd[1]: Started Trigger resolvconf update for networkd DNS.
[[0;32m  OK  [0m] Started Trigger resolvconf update for networkd DNS.
[   24.051181] systemd[1]: Listening on /dev/initctl Compatibility Named Pipe.
[[0;32m  OK  [0m] Listening on /dev/initctl Compatibility Named Pipe.
[   24.055265] systemd[1]: Listening on Journal Socket (/dev/log).
[[0;32m  OK  [0m] Listening on Journal Socket (/dev/log).
[   24.058946] systemd[1]: Reached target Encrypted Volumes.
[[0;32m  OK  [0m] Reached target Encrypted Volumes.
[  24.02659] systemd[1]: Reached target Slices.
[[0;32m  OK  [0m] Reached target Slices.
[   24.190259] systemd[1]: Listening o Dvicemaper vet daemn FIFOs.
[[0;32m  OK  [0m] Listening on Device-mapper event daemon FIFOs.
[  2.413769]systemd[1]: Reached taget yste Tme Synchronized.

[[0;32m  OK  [0m] Reached target System Time Synchronized.
[  2.62344 sysem[1: reatd lice sysem-srialx2dgtt.sic.
[[0;32m  OK  [0m] Created slice system-serial\x2dgetty.slice.
[  2.046145] sysemd[1]: Listening on Journal Socket.

[[0;32m  OK  [0m] Listening on Journal Socket.
[   25.137436] systemd[1]: Mounting POSIX Message Queue File System...
         Mounting POSIX Message Queue File System...
[   25.150346] systemd[1]: Starting Create list of required static device nodes for the current kernel...
         Starting Create list of required st... nodes for the current kernel...
[   25.174818] systemd[1]: Mounting Huge Pages File System...
         Mounting Huge Pages File System...
[   25.185742] systemd[1]: Starting Remount Root and Kernel File Systems...
         Starting Remount[   25.190930] EXT4-fs (sda1): re-mounted. Opts: (null)
 Root and Kernel File Systems...
[   25.195912] systemd[1]: Mounting Debug File System...
         Mounting Debug File System...
[   25.237985] systemd[1]: Starting Uncomplicated firewall...
         Starting Uncomplicated firewall...
[   25.289739] systemd[1]: Starting Load Kernel Modules...
         Starting Load Ke[   25.323635] Loading iSCSI transport class v2.0-870.
rnel Modules...
[   25.365822] systemd[1]: Starting Nameserver information manager...
[   25.417290] iscsi: registered transport (tcp)
         Starting Nameserver information manager...
[   25.450777] iscsi: registered transport (iser)
[   25.469883] systemd[1]: Starting Monitoring of LVM2 mirrors, snapshots etc. using dmeventd or progress polling...
         Starting Monitoring of LVM2 mirrors... dmeventd or progress polling...
[   25.561944] systemd[1]: Starting Journal Service...
[   25.581871] random: nonblocking pool is initialized
         Starting Journal Service...
[   25.626123] systemd[1]: Starting Set console keymap...
         Starting Set console keymap...
[   25.652959] systemd[1]: Reached target Swap.
[[0;32m  OK  [0m] Reached target Swap.
[   25.697499] systemd[1]: Listening on LVM2 poll daemon socket.
[[0;32m  OK  [0m] Listening on LVM2 poll daemon socket.
[   25.766528] systemd[1]: Mounted POSIX Message Queue File System.
[[0;32m  OK  [0m] Mounted POSIX Message Queue File System.
[   25.838108] systemd[1]: Mounted Debug File System.
[[0;32m  OK  [0m] Mounted Debug File System.
[   25.901637] systemd[1]: Mounted Huge Pages File System.
[[0;32m  OK  [0m] Mounted Huge Pages File System.
[   25.973957] systemd[1]: Started Journal Service.
[[0;32m  OK  [0m] Started Journal Service.
[[0;32m  OK  [0m] Started Create list of required sta...ce nodes for the current kernel.
[[0;32m  OK  [0m] Started Remount Root and Kernel File Systems.
[[0;32m  OK  [0m] Started Uncomplicated firewall.
[[0;32m  OK  [0m] Started Load Kernel Modules.
[[0;32m  OK  [0m] Started Set console keymap.
[[0;32m  OK  [0m] Started Nameserver information manager.
[[0;32m  OK  [0m] Started LVM2 metadata daemon.
         Mounting FUSE Control File System...
         Starting Apply Kernel Variables...
         Starting udev Coldplug all Devices...
         Starting Load/Save Random Seed...
         Starting Create Static Device Nodes in /dev...
         Starting Flush Journal to Persistent Storage...
[[0;32m  OK  [0m] Mounted FUSE Control File System.
[[0;32m  OK  [0m] Started Apply Kernel Variables.
[[0;32m  OK  [0m] Started Load/Save Random Seed.
[[0;32m  OK  [0m] Started Create Static Device Nodes in /dev.
[[0;32m  OK  [0m] Started Monitoring of LVM2 mirrors,...ng dmeventd or progress polling.
[[0;32m  OK  [0m] Started udev Coldplug all Devices.
[[0;32m  OK  [0m] Started Flush Journal to Persistent Storage.
         Starting udev Kernel Device Manager...
[[0;32m  OK  [0m] Reached target Local File Systems (Pre).
[[0;32m  OK  [0m] Reached target Local File Systems.
         Starting Set console font and keymap...
         Starting LSB: AppArmor initialization...
         Starting Initial cloud-init job (pre-networking)...
         Starting Tell Plymouth To Write Out Runtime Data...
         Starting Create Volatile Files and Directories...
         Starting Commit a transient machine-id on disk...
[[0;32m  OK  [0m] Started udev Kernel Device Manager.
[[0;32m  OK  [0m] Started Tell Plymouth To Write Out Runtime Data.
[   16.903453] cloud-init[497]: Cloud-init v. 18.5-45-g3554ffe8-0ubuntu1~16.04.1 running 'init-local' at Thu, 30 May 2019 12:42:30 +0000. Up 16.66 seconds.
[[0;32m  OK  [0m] Started Create Volatile Files and Directories.
[[0;32m  OK  [0m] Started Set console font and keymap.
[[0;32m  OK  [0m] Started Commit a transient machine-id on disk.
[[0;32m  OK  [0m] Started Initial cloud-init job (pre-networking).
[[0;32m  OK  [0m] Found device /dev/ttyS0.
[[0;32m  OK  [0m] Listening on Load/Save RF Kill Switch Status /dev/rfkill Watch.
[[0;32m  OK  [0m] Reached target Network (Pre).
[[0;32m  OK  [0m] Created slice system-getty.slice.
         Starting Update UTMP about System Boot/Shutdown...
[[0;32m  OK  [0m] Started Dispatch Password Requests to Console Directory Watch.
[[0;32m  OK  [0m] Started Update UTMP about System Boot/Shutdown.
[[0;32m  OK  [0m] Started LSB: AppArmor initialization.
         Starting Raise network interfaces...
[[0;32m  OK  [0m] Started Raise network interfaces.
[[0;32m  OK  [0m] Reached target Network.
         Starting Initial cloud-init job (metadata service crawler)...
[   18.526746] cloud-init[929]: Cloud-init v. 18.5-45-g3554ffe8-0ubuntu1~16.04.1 running 'init' at Thu, 30 May 2019 12:42:31 +0000. Up 18.02 seconds.
[   18.576891] [cloud-init[0;32m  OK  [0m[929]: ] ci-info: ++++++++++++++++++++++++++++++++++++++Net device info++++++++++++++++++++++++++++++++++++++Started Initial cloud-init job (metadata service crawler).

[   18.644748] [cloud-init[0;32m  OK  [0m[929]: ] ci-info: +--------+------+----------------------------+---------------+--------+-------------------+Reached target Cloud-config availability.

[[0;32m  OK  [0m] Reached target System Initialization.
[[0;32m  OK  [0m] [   18.645698] Started Daily Cleanup of Temporary Directories.cloud-init
[929]: ci-info: | Device |  Up  |          Address           |      Mask     | Scope  |     Hw-Address    |
[   18.860891] [cloud-init[0;32m  OK  [0m[929]: ] ci-info: +--------+------+----------------------------+---------------+--------+-------------------+Listening on ACPID Listen Socket.

[   18.960883]          cloud-initStarting Socket activation for snappy daemon.[929]: 
ci-info: | enp0s3 | True |         10.0.2.15          | 255.255.255.0 | global | 02:3a:f4:24:e2:72 |
[   19.053280] [cloud-init[0;32m  OK  [0m[929]: ] ci-info: | enp0s3 | True | fe80::3a:f4ff:fe24:e272/64 |       .       |  link  | 02:3a:f4:24:e2:72 |Listening on D-Bus System Message Bus Socket.

[   19.164447] [cloud-init[0;32m  OK  [0m[929]: ] ci-info: |   lo   | True |         127.0.0.1          |   255.0.0.0   |  host  |         .         |Listening on UUID daemon activation socket.

[   19.281149] [cloud-init[0;32m  OK  [0m[929]: ] ci-info: |   lo   | True |          ::1/128           |       .       |  host  |         .         |Started ACPI Events Check.

[   19.352678] [[0;32m  OK  [0m] Reached target Paths.
cloud-init         Starting LXD - unix socket.
[[0;32m  OK  [0m] Started Daily apt download activities.
[[0;32m  OK  [0m] Started Daily apt upgrade and clean activities.
[[0;32m  OK  [0m] Reached target Timers.
[[0;32m  OK  [0m] Reached target Network is Online.
[929]: ci-info: +--------+------+----------------------------+---------------+--------+-------------------+
[   19.381875]          Starting iSCSI initiator daemon (iscsid)...
[[0;32m  OK  [0m] Listening on Socket activation for snappy daemon.
[[0;32m  OK  [0m] Listening on LXD - unix socket.
cloud-init[929]: ci-info: +++++++++++++++++++++++++++Route IPv4 info++++++++++++++++++++++++++++
[   19.394209] cloud-init[929]: ci-info: +-------+-------------+----------+---------------+-----------+-------+
[   19.394811] cloud-init[929]: ci-info: | Route | Destination | Gateway  |    Genmask    | Interface | Flags |
[[0;32m  OK  [0m] Reached target Sockets.
[   19.395750] cloud-init[929]: ci-info: +-------+-------------+----------+---------------+-----------+-------+
[[0;32m  OK  [0m] Reached target Basic System.
[   19.415183] cloud-init[929]: ci-info: |   0   |   0.0.0.0   | 10.0.2.2 |    0.0.0.0    |   enp0s3  |   UG  |
[   19.425273] cloud-init[929]: ci-info: |   1   |   10.0.2.0  | 0.0.0.0  | 255.255.255.0 |   enp0s3  |   U   |
[   19.429658] cloud-init[929]: ci-info: +-------+-------------+----------+---------------+-----------+-------+
[   19.432915] cloud-init[929]: ci-info: +++++++++++++++++++Route IPv6 info+++++++++++++++++++
[   19.452800] cloud-init[929]: ci-info: +-------+-------------+---------+-----------+-------+
[[0;32m  OK  [0m] Started Deferred execution scheduler.
[   19.478646] cloud-init[929]: ci-info: | Route | Destination | Gateway | Interface | Flags |
[   19.529211] cloud-init[929]: ci-info: +-------+-------------+---------+-----------+-------+
         Starting Pollinate to seed the pseudo random number generator...
[   19.529618] cloud-init[929]: ci-info: |   0   |  fe80::/64  |    ::   |   enp0s3  |   U   |
         Starting System Logging Service...
[   19.570966] cloud-init[929]: ci-info: |   3   |   ff00::/8  |    ::   |   enp0s3  |   U   |
[   19.584153] cloud-init[929]: ci-info: +-------+-------------+---------+-----------+-------+
[[   19.601211] cloud-init[929]: Generating public/private rsa key pair.
[0;32m  OK  [0m] Started D-Bus System Message Bus.
[   19.601447] cloud-init[929]: Your identification has been saved in /etc/ssh/ssh_host_rsa_key.
[   19.614828] cloud-init[929]: Your public key has been saved in /etc/ssh/ssh_host_rsa_key.pub.
[   19.617118] cloud-init[929]: The key fingerprint is:
[   19.618821] cloud-init[929]: SHA256:wKUJec5SQ4ZwHUX622fIrViASu2zO6Kp4Oo9C9sv8iM root@ubuntu-xenial
[   19.622600] cloud-init[929]: The key's randomart image is:
[   19.624565] cloud-init[929]: +---[RSA 2048]----+
[   19.636692] cloud-init[929]: |  ..o=+++        |
[[0;32m  OK  [0m] Started Regular background program processing daemon.
[   19.637212] cloud-init[929]: |   .o+==         |
[   19.684735] cloud-init[929]: |     =*.         |
         Starting Virtualbox guest utils...
[   19.685171] cloud-init[929]: |    ..o+         |
[   19.732543] cloud-init[929]: |    ..o S        |
[   19.732922] cloud-init[929]: |   . o   = o     |
         Starting LSB: Record successful boot for GRUB...
[[   19.733544] cloud-init[929]: |..  . o . = +    |
[   19.805498] cloud-init[929]: |oE==. .o o +     |
[0;32m  OK  [0m] Started Unattended Upgrades Shutdown.
[   19.805692] cloud-init[929]: |==***ooo. .      |
[   19.832508] cloud-init[929]: +----[SHA256]-----+
         Starting LXD - container startup/shutdown...
[   19.833018] cloud-init[929]: Generating public/private dsa key pair.
[   19.840845] cloud-init[929]: Your identification has been saved in /etc/ssh/ssh_host_dsa_key.
[   19.841297]          cloud-initStarting Login Service...[929]: 
Your public key has been saved in /etc/ssh/ssh_host_dsa_key.pub.
[   19.857747] cloud-init[929]: The key fingerprint is:
[   19.858239]          cloud-initStarting Accounts Service...[929]: 
SHA256:rTlIMujEs23rTxW7AaEYT/DVhmNcOGvNCDVz/2DZSLQ root@ubuntu-xenial
[   19.870408] cloud-init[929]: The key's randomart image is:
[   19.870873] cloud-init[929]: +---[DSA 1024]----+
[   19.872582] cloud-init[929]: |  o..o*=o.o      |
[   19.872798] cloud-init[929]: |   *.oB=oo =     |
         Starting LSB: MD monitoring daemon...
[   19.873718] cloud-init[929]: |  . +o.O. E .    |
[   19.890173] cloud-init[929]: | . .  +.o= o     |
[   19.904698] cloud-init[929]: |  = o.. S . .    |
[   19.929151] cloud-init[929]: | o + + o =       |
[[0;32m  OK  [0m] Started FUSE filesystem for LXC.
[   19.929758] cloud-init[929]: |  o o o =        |
[   19.981055] cloud-init[929]: |   . o   .       |
         Starting /etc/rc.local Compatibility...
[   19.981603] cloud-init[929]: |   .o..          |
[   20.036461] cloud-init[929]: +----[SHA256]-----+
[[0;32m  OK  [0m] Started ACPI event daemon.
[   20.036953] cloud-init[929]: Generating public/private ecdsa key pair.
[   20.074862] cloud-init[929]: Your identification has been saved in /etc/ssh/ssh_host_ecdsa_key.
[   20.075275] cloud-init[929]: Your public key has been saved in /etc/ssh/ssh_host_ecdsa_key.pub.
[   20.077345] cloud-init[929]: The key fingerprint is:
[   20.077559] cloud-init[929]: SHA256:zvyk4HpdiRBahhAIwzKRjzGeYdNZZwRB/yCzBVDJk3w root@ubuntu-xenial
         Starting Snappy daemon...
[   20.079529] cloud-init[929]: The key's randomart image is:
[   20.088164] cloud-init[929]: +---[ECDSA 256]---+
[[   20.093661] cloud-init[929]: |*+++OO*+         |
[0;32m  OK  [0m[   20.094232] ] cloud-initStarted System Logging Service.[929]: 
|B* o.*OE         |
[   20.094638] cloud-init[929]: |+*+  *o=         |
[   20.108972] cloud-init[929]: |.o. . * o        |
[   20.109452] [cloud-init[0;32m  OK  [0m[929]: ] |     . .So .     |Started iSCSI initiator daemon (iscsid).

[   20.110058] cloud-init[929]: |       +. o      |
[   20.124610] cloud-init[929]: |      ..+..      |
[[0;32m  OK  [0m] Started Pollinate to seed the pseudo random number generator.
[   20.125138] cloud-init[929]: |     ....+       |
[[   20.173488] cloud-init[929]: |    .o. . .      |
[0;32m  OK  [0m] Started LXD - container startup/shutdown.
[   20.174051] cloud-init[929]: +----[SHA256]-----+
[   20.224534] cloud-init[929]: Generating public/private ed25519 key pair.
[[   20.224953] [0;32m  OK  [0mcloud-init] [929]: Started /etc/rc.local Compatibility.Your identification has been saved in /etc/ssh/ssh_host_ed25519_key.

[   20.225454] cloud-init[929]: Your public key has been saved in /etc/ssh/ssh_host_ed25519_key.pub.
[[   20.295621] cloud-init[929]: The key fingerprint is:
[   20.296350] cloud-init[929]: SHA256:S85ZehnvlqUfm7eLzVwI1zBce+fzXy7F37qLRZRHpvk root@ubuntu-xenial
[   20.296572] [0;32m  OK  [0mcloud-init] [929]: Started Snappy daemon.The key's randomart image is:

[   20.296845] cloud-init[929]: +--[ED25519 256]--+
[   20.326972] cloud-init[929]: |                +|
[   20.332201] cloud-init[929]: |             . B.|
[   20.342676] cloud-init[929]: |              O.+|
[   20.352427] [[0;32m  OK  [0m] Started LSB: Record successful boot for GRUB.
[[0;32m  OK  [0m] Started LSB: MD monitoring daemon.
cloud-init[929]: |             . Bo|
[   20.365532] cloud-init[929]: |        S o . ooE|
[[0;32m  OK  [0m] Started Login Service.
[   20.370106] cloud-init[929]: |       + = + +..=|
         Starting Authenticate and Authorize Users to Run Privileged Tasks...
[   20.394105]          Starting Wait until snapd is fully seeded...
cloud-init[929]: |        * o .++.*|
[   20.424365]          Starting OpenBSD Secure Shell server...
cloud-init[929]: |         . .+o*=B|
         Starting Login to default iSCSI targets...
[   20.438683] [[0;32m  OK  [0m] Started Virtualbox guest utils.
cloud-init[929]: |           .ooB%=|
[   20.468436] [cloud-init[0;32m  OK  [0m[929]: ] +----[SHA256]-----+Started Authenticate and Authorize Users to Run Privileged Tasks.

[[0;32m  OK  [0m] Started OpenBSD Secure Shell server.
[[0;32m  OK  [0m] Started Accounts Service.
[[0;32m  OK  [0m] Started Login to default iSCSI targets.
[[0;32m  OK  [0m] Reached target Remote File Systems (Pre).
[[0;32m  OK  [0m] Reached target Remote File Systems.
         Starting LSB: Set the CPU Frequency Scaling governor to "ondemand"...
         Starting LSB: automatic crash report generation...
         Starting LSB: daemon to balance interrupts for SMP systems...
         Starting Permit User Sessions...
[[0;32m  OK  [0m] Started Permit User Sessions.
         Starting Hold until boot process finishes up...
         Starting Terminate Plymouth Boot Screen...
[[0;32m  OK  [0m] Started LSB: Set the CPU Frequency Scaling governor to "ondemand".
[[0;32m  OK  [0m] Started LSB: automatic crash report generation.
[[0;32m  OK  [0m] Started LSB: daemon to balance interrupts for SMP systems.
[[0;32m  OK  [0m] Started Hold until boot process finishes up.
[[0;32m  OK  [0m] Started Terminate Plymouth Boot Screen.
[[0;32m  OK  [0m] Started Serial Getty on ttyS0.
         Starting Set console scheme...
[[0;32m  OK  [0m] Started Getty on tty1.
[[0;32m  OK  [0m] Reached target Login Prompts.
[[0;32m  OK  [0m] Started Set console scheme.
[[0;32m  OK  [0m] Started Wait until snapd is fully seeded.
[[0;32m  OK  [0m] Reached target Multi-User System.
[[0;32m  OK  [0m] Reached target Graphical Interface.
         Starting Update UTMP about System Runlevel Changes...
         Starting Apply the settings specified in cloud-config...
[[0;32m  OK  [0m] Started Update UTMP about System Runlevel Changes.
[   23.857720] cloud-init[1261]: Generating locales (this might take a while)...
[[0;32m  OK  [0m] Created slice User Slice of vagrant.
         Starting User Manager for UID 1000...
[[0;32m  OK  [0m] Started User Manager for UID 1000.
[[0;32m  OK  [0m] Started Session 1 of user vagrant.
[   24.565829] cloud-init[1261]:   en_US.UTF-8... done
[   24.570796] cloud-init[1261]: Generation complete.
[   24.858460] cloud-init[1261]: Cloud-init v. 18.5-45-g3554ffe8-0ubuntu1~16.04.1 running 'modules:config' at Thu, 30 May 2019 12:42:37 +0000. Up 23.77 seconds.
[[0;32m  OK  [0m] Started Apply the settings specified in cloud-config.
         Starting Execute cloud user/final scripts...
ci-info: no authorized ssh keys fingerprints found for user ubuntu.
<14>May 30 12:42:39 ec2: 
<14>May 30 12:42:39 ec2: #############################################################
<14>May 30 12:42:39 ec2: -----BEGIN SSH HOST KEY FINGERPRINTS-----
<14>May 30 12:42:39 ec2: 1024 SHA256:rTlIMujEs23rTxW7AaEYT/DVhmNcOGvNCDVz/2DZSLQ root@ubuntu-xenial (DSA)
<14>May 30 12:42:39 ec2: 256 SHA256:zvyk4HpdiRBahhAIwzKRjzGeYdNZZwRB/yCzBVDJk3w root@ubuntu-xenial (ECDSA)
<14>May 30 12:42:39 ec2: 256 SHA256:S85ZehnvlqUfm7eLzVwI1zBce+fzXy7F37qLRZRHpvk root@ubuntu-xenial (ED25519)
<14>May 30 12:42:39 ec2: 2048 SHA256:wKUJec5SQ4ZwHUX622fIrViASu2zO6Kp4Oo9C9sv8iM root@ubuntu-xenial (RSA)
<14>May 30 12:42:39 ec2: -----END SSH HOST KEY FINGERPRINTS-----
<14>May 30 12:42:39 ec2: #############################################################
-----BEGIN SSH HOST KEY KEYS-----
ecdsa-sha2-nistp256 AAAAE2VjZHNhLXNoYTItbmlzdHAyNTYAAAAIbmlzdHAyNTYAAABBBByfB+xspb/Zjd69k1eMRTs9foCGLLlaNLja13LR4csLtcV+cIk8LIV78cU3JmCuoqlYBgyiEYXItOwX5YWIiOc= root@ubuntu-xenial
ssh-ed25519 AAAAC3NzaC1lZDI1NTE5AAAAIAOdZbiQDInV3fC/LSYaxevJRM25zGJrzr/DplYYTPMJ root@ubuntu-xenial
ssh-rsa AAAAB3NzaC1yc2EAAAADAQABAAABAQDV2tRzcEV0msYZ+2nY4dGmhxGZne6tiTUI5ngma23nlbQZ/YFHBHBU2iAtkdhDbMNtdsXkXe0iSsW374H7yZ6K0uBUfogFLgvmBEs7dOtrsnpK7FRwJZr3Tpz7nxhZ+vF9vvw6ONnLvnggab8gP6sIh5np4WFQ/K7ML7SsQS5ZpdSEW22rL34l9dD5ohT0d+OSniwT5WskickrEvKej3+nCWaVXj3Nq5JKMLTkUf3HfyLJyTrOrLMMoeUdd6MtYXN3KQclBGtlBiLm9QxCiG1Mx0oWZB6Xca7WLCRNs3Fx7PySbMvO+2+TBp86CXPkRhBKb45xUa0NhUdpt5GTta8F root@ubuntu-xenial
-----END SSH HOST KEY KEYS-----
         Stopping User Manager for UID 1000...
[[   25.660936] cloud-init[1371]: Cloud-init v. 18.5-45-g3554ffe8-0ubuntu1~16.04.1 running 'modules:final' at Thu, 30 May 2019 12:42:39 +0000. Up 25.22 seconds.
[   25.661341] cloud-init[1371]: ci-info: no authorized ssh keys fingerprints found for user ubuntu.
[0;32m  OK  [0m] Stopped User Manager for UID 1000.
[   25.663953] cloud-init[1371]: Cloud-init v. 18.5-45-g3554ffe8-0ubuntu1~16.04.1 finished at Thu, 30 May 2019 12:42:39 +0000. Datasource DataSourceNoCloud [seed=/dev/sdb][dsmode=net].  Up 25.65 seconds
[[0;32m  OK  [0m] Removed slice User Slice of vagrant.
[[0;32m  OK  [0m] Started Execute cloud user/final scripts.
[[0;32m  OK  [0m] Reached target Cloud-init target.

Ubuntu 16.04.6 LTS ch-web01 ttyS0

ch-web01 login: 